cTrading) alex@alex-System-Product-Name:/mnt/windows/GeneticTrading$ torchrun --nproc_per_node=4 --nnodes=1 --node_rank=0 --master_addr=127.0.0.1 --master_port=12355 main.py --data-folder ./data_txt --max-rows 500000 --adaptive-iterations 10 --log-level INFO --training-mode adaptive
W0710 20:37:02.169000 18246 site-packages/torch/distributed/run.py:766] 
W0710 20:37:02.169000 18246 site-packages/torch/distributed/run.py:766] *****************************************
W0710 20:37:02.169000 18246 site-packages/torch/distributed/run.py:766] Setting OMP_NUM_THREADS environment variable for each process to be 1 in default, to avoid your system being overloaded, please further tune the variable for optimal performance in your application as needed. 
W0710 20:37:02.169000 18246 site-packages/torch/distributed/run.py:766] *****************************************
2025-07-10 20:37:04 [INFO    ] 🔸 SESSION        : ================================================================================
2025-07-10 20:37:04 [INFO    ] 🔸 SESSION        : 🎯 Revolutionary NQ Futures Trading System
2025-07-10 20:37:04 [INFO    ] 🔸 SESSION        : 📊 Session started at 2025-07-10 20:37:04.410487
2025-07-10 20:37:04 [INFO    ] 🔸 SESSION        : 💻 Process rank: 0
2025-07-10 20:37:04 [INFO    ] 🔸 SESSION        : 📁 Log file: logs/trading_system_rank_0.log
2025-07-10 20:37:04 [INFO    ] 🔸 SESSION        : ================================================================================
2025-07-10 20:37:04 [INFO    ] 🔸 MAIN           : 🚀 Revolutionary Trading System Started
2025-07-10 20:37:04 [INFO    ] 🔸 MAIN           : NCCL_TIMEOUT = 1800000 ms
2025-07-10 20:37:04 [INFO    ] 🔸 MAIN           : Using 100.0% of available data
2025-07-10 20:37:04 [INFO    ] 🔸 MAIN           : Models directory: ./models
2025-07-10 20:37:04 [INFO    ] 🔸 MAIN           : Training mode: adaptive
2025-07-10 20:37:04 [INFO    ] 🔸 MAIN           : Device configuration: cuda:0
2025-07-10 20:37:04 [INFO    ] 🔸 MAIN           : World size: 4, Local rank: 0
2025-07-10 20:37:04 [INFO    ] 🔸 root           : Rank 0/4 starting on cuda:0 (has_cudf=True)
2025-07-10 20:37:04 [INFO    ] 🔸 root           : Data loading parameters: max_rows=500000, data_percentage=1.0
2025-07-10 20:37:04 [INFO    ] 🔸 root           : Parquet cache found; skipping preprocessing.
alex-System-Product-Name:18280:18280 [0] NCCL INFO Bootstrap: Using wlp0s20f3:192.168.0.129<0>
alex-System-Product-Name:18280:18280 [0] NCCL INFO cudaDriverVersion 12020
alex-System-Product-Name:18280:18280 [0] NCCL INFO NCCL version 2.26.2+cuda12.2
alex-System-Product-Name:18280:18280 [0] NCCL INFO Comm config Blocking set to 1
2025-07-10 20:37:04 [INFO    ] 🔸 SESSION        : ================================================================================
2025-07-10 20:37:04 [INFO    ] 🔸 SESSION        : 🎯 Revolutionary NQ Futures Trading System
2025-07-10 20:37:04 [INFO    ] 🔸 SESSION        : 📊 Session started at 2025-07-10 20:37:04.550641
2025-07-10 20:37:04 [INFO    ] 🔸 SESSION        : 💻 Process rank: 3
2025-07-10 20:37:04 [INFO    ] 🔸 SESSION        : 📁 Log file: logs/trading_system_rank_3.log
2025-07-10 20:37:04 [INFO    ] 🔸 SESSION        : ================================================================================
2025-07-10 20:37:04 [INFO    ] 🔸 root           : Rank 3/4 starting on cuda:3 (has_cudf=True)
2025-07-10 20:37:04 [INFO    ] 🔸 root           : Data loading parameters: max_rows=500000, data_percentage=1.0
alex-System-Product-Name:18280:18333 [0] NCCL INFO NET/Plugin: Could not find: libnccl-net.so. Using internal net plugin.
alex-System-Product-Name:18280:18333 [0] NCCL INFO NET/IB : No device found.
alex-System-Product-Name:18280:18333 [0] NCCL INFO NET/IB : Using [RO]; OOB wlp0s20f3:192.168.0.129<0>
alex-System-Product-Name:18280:18333 [0] NCCL INFO NET/Socket : Using [0]wlp0s20f3:192.168.0.129<0> [1]br-447583e7b32a:172.18.0.1<0> [2]br-81374c9c6e9c:172.19.0.1<0> [3]br-aaa630fe606a:172.20.0.1<0> [4]br-bc0f5ef31d4f:192.168.128.1<0>
alex-System-Product-Name:18280:18333 [0] NCCL INFO PROFILER/Plugin: Could not find: libnccl-profiler.so. 
alex-System-Product-Name:18280:18333 [0] NCCL INFO Using network Socket
alex-System-Product-Name:18280:18333 [0] NCCL INFO ncclCommInitRankConfig comm 0x654afd05d5a0 rank 0 nranks 4 cudaDev 0 nvmlDev 0 busId 1000 commId 0x5af753ad817cb221 - Init START
alex-System-Product-Name:18283:18283 [3] NCCL INFO cudaDriverVersion 12020
alex-System-Product-Name:18283:18283 [3] NCCL INFO Bootstrap: Using wlp0s20f3:192.168.0.129<0>
alex-System-Product-Name:18283:18283 [3] NCCL INFO NCCL version 2.26.2+cuda12.2
alex-System-Product-Name:18283:18283 [3] NCCL INFO Comm config Blocking set to 1
2025-07-10 20:37:04 [INFO    ] 🔸 SESSION        : ================================================================================
2025-07-10 20:37:04 [INFO    ] 🔸 SESSION        : 🎯 Revolutionary NQ Futures Trading System
2025-07-10 20:37:04 [INFO    ] 🔸 SESSION        : 📊 Session started at 2025-07-10 20:37:04.562685
2025-07-10 20:37:04 [INFO    ] 🔸 SESSION        : 💻 Process rank: 1
2025-07-10 20:37:04 [INFO    ] 🔸 SESSION        : 📁 Log file: logs/trading_system_rank_1.log
2025-07-10 20:37:04 [INFO    ] 🔸 SESSION        : ================================================================================
2025-07-10 20:37:04 [INFO    ] 🔸 root           : Rank 1/4 starting on cuda:1 (has_cudf=True)
2025-07-10 20:37:04 [INFO    ] 🔸 root           : Data loading parameters: max_rows=500000, data_percentage=1.0
2025-07-10 20:37:04 [INFO    ] 🔸 SESSION        : ================================================================================
2025-07-10 20:37:04 [INFO    ] 🔸 SESSION        : 🎯 Revolutionary NQ Futures Trading System
2025-07-10 20:37:04 [INFO    ] 🔸 SESSION        : 📊 Session started at 2025-07-10 20:37:04.563452
2025-07-10 20:37:04 [INFO    ] 🔸 SESSION        : 💻 Process rank: 2
2025-07-10 20:37:04 [INFO    ] 🔸 SESSION        : 📁 Log file: logs/trading_system_rank_2.log
2025-07-10 20:37:04 [INFO    ] 🔸 SESSION        : ================================================================================
2025-07-10 20:37:04 [INFO    ] 🔸 root           : Rank 2/4 starting on cuda:2 (has_cudf=True)
2025-07-10 20:37:04 [INFO    ] 🔸 root           : Data loading parameters: max_rows=500000, data_percentage=1.0
alex-System-Product-Name:18281:18281 [1] NCCL INFO cudaDriverVersion 12020
alex-System-Product-Name:18281:18281 [1] NCCL INFO Bootstrap: Using wlp0s20f3:192.168.0.129<0>
alex-System-Product-Name:18281:18281 [1] NCCL INFO NCCL version 2.26.2+cuda12.2
alex-System-Product-Name:18282:18282 [2] NCCL INFO cudaDriverVersion 12020
alex-System-Product-Name:18282:18282 [2] NCCL INFO Bootstrap: Using wlp0s20f3:192.168.0.129<0>
alex-System-Product-Name:18282:18282 [2] NCCL INFO NCCL version 2.26.2+cuda12.2
alex-System-Product-Name:18281:18281 [1] NCCL INFO Comm config Blocking set to 1
alex-System-Product-Name:18282:18282 [2] NCCL INFO Comm config Blocking set to 1
alex-System-Product-Name:18283:18339 [3] NCCL INFO NET/Plugin: Could not find: libnccl-net.so. Using internal net plugin.
alex-System-Product-Name:18283:18339 [3] NCCL INFO NET/IB : No device found.
alex-System-Product-Name:18283:18339 [3] NCCL INFO NET/IB : Using [RO]; OOB wlp0s20f3:192.168.0.129<0>
alex-System-Product-Name:18283:18339 [3] NCCL INFO NET/Socket : Using [0]wlp0s20f3:192.168.0.129<0> [1]br-447583e7b32a:172.18.0.1<0> [2]br-81374c9c6e9c:172.19.0.1<0> [3]br-aaa630fe606a:172.20.0.1<0> [4]br-bc0f5ef31d4f:192.168.128.1<0>
alex-System-Product-Name:18283:18339 [3] NCCL INFO PROFILER/Plugin: Could not find: libnccl-profiler.so. 
alex-System-Product-Name:18283:18339 [3] NCCL INFO Using network Socket
alex-System-Product-Name:18283:18339 [3] NCCL INFO ncclCommInitRankConfig comm 0x60d3a26cf730 rank 3 nranks 4 cudaDev 3 nvmlDev 3 busId 9000 commId 0x5af753ad817cb221 - Init START
alex-System-Product-Name:18281:18344 [1] NCCL INFO NET/Plugin: Could not find: libnccl-net.so. Using internal net plugin.
alex-System-Product-Name:18281:18344 [1] NCCL INFO NET/IB : No device found.
alex-System-Product-Name:18281:18344 [1] NCCL INFO NET/IB : Using [RO]; OOB wlp0s20f3:192.168.0.129<0>
alex-System-Product-Name:18281:18344 [1] NCCL INFO NET/Socket : Using [0]wlp0s20f3:192.168.0.129<0> [1]br-447583e7b32a:172.18.0.1<0> [2]br-81374c9c6e9c:172.19.0.1<0> [3]br-aaa630fe606a:172.20.0.1<0> [4]br-bc0f5ef31d4f:192.168.128.1<0>
alex-System-Product-Name:18281:18344 [1] NCCL INFO PROFILER/Plugin: Could not find: libnccl-profiler.so. 
alex-System-Product-Name:18281:18344 [1] NCCL INFO Using network Socket
alex-System-Product-Name:18281:18344 [1] NCCL INFO ncclCommInitRankConfig comm 0x5c00c9872ea0 rank 1 nranks 4 cudaDev 1 nvmlDev 1 busId 5000 commId 0x5af753ad817cb221 - Init START
alex-System-Product-Name:18280:18333 [0] NCCL INFO RAS client listening socket at 127.0.0.1<28028>
alex-System-Product-Name:18282:18345 [2] NCCL INFO NET/Plugin: Could not find: libnccl-net.so. Using internal net plugin.
alex-System-Product-Name:18282:18345 [2] NCCL INFO NET/IB : No device found.
alex-System-Product-Name:18282:18345 [2] NCCL INFO NET/IB : Using [RO]; OOB wlp0s20f3:192.168.0.129<0>
alex-System-Product-Name:18282:18345 [2] NCCL INFO NET/Socket : Using [0]wlp0s20f3:192.168.0.129<0> [1]br-447583e7b32a:172.18.0.1<0> [2]br-81374c9c6e9c:172.19.0.1<0> [3]br-aaa630fe606a:172.20.0.1<0> [4]br-bc0f5ef31d4f:192.168.128.1<0>
alex-System-Product-Name:18282:18345 [2] NCCL INFO PROFILER/Plugin: Could not find: libnccl-profiler.so. 
alex-System-Product-Name:18282:18345 [2] NCCL INFO Using network Socket
alex-System-Product-Name:18282:18345 [2] NCCL INFO ncclCommInitRankConfig comm 0x60a047431580 rank 2 nranks 4 cudaDev 2 nvmlDev 2 busId 8000 commId 0x5af753ad817cb221 - Init START
alex-System-Product-Name:18282:18345 [2] NCCL INFO RAS client listening socket at 127.0.0.1<28028>
alex-System-Product-Name:18281:18344 [1] NCCL INFO RAS client listening socket at 127.0.0.1<28028>
alex-System-Product-Name:18283:18339 [3] NCCL INFO RAS client listening socket at 127.0.0.1<28028>
alex-System-Product-Name:18283:18339 [3] NCCL INFO Bootstrap timings total 0.026093 (create 0.000014, send 0.000067, recv 0.000054, ring 0.000022, delay 0.000000)
alex-System-Product-Name:18281:18344 [1] NCCL INFO Bootstrap timings total 0.013445 (create 0.000010, send 0.000156, recv 0.013131, ring 0.000023, delay 0.000000)
alex-System-Product-Name:18282:18345 [2] NCCL INFO Bootstrap timings total 0.000240 (create 0.000010, send 0.000052, recv 0.000040, ring 0.000045, delay 0.000000)
alex-System-Product-Name:18280:18333 [0] NCCL INFO Bootstrap timings total 0.097594 (create 0.000013, send 0.000063, recv 0.084255, ring 0.004020, delay 0.000000)
alex-System-Product-Name:18283:18339 [3] NCCL INFO NVLS multicast support is not available on dev 3
alex-System-Product-Name:18281:18344 [1] NCCL INFO NVLS multicast support is not available on dev 1
alex-System-Product-Name:18282:18345 [2] NCCL INFO NVLS multicast support is not available on dev 2
alex-System-Product-Name:18280:18333 [0] NCCL INFO NVLS multicast support is not available on dev 0
alex-System-Product-Name:18282:18345 [2] NCCL INFO comm 0x60a047431580 rank 2 nRanks 4 nNodes 1 localRanks 4 localRank 2 MNNVL 0
alex-System-Product-Name:18281:18344 [1] NCCL INFO comm 0x5c00c9872ea0 rank 1 nRanks 4 nNodes 1 localRanks 4 localRank 1 MNNVL 0
alex-System-Product-Name:18280:18333 [0] NCCL INFO comm 0x654afd05d5a0 rank 0 nRanks 4 nNodes 1 localRanks 4 localRank 0 MNNVL 0
alex-System-Product-Name:18283:18339 [3] NCCL INFO comm 0x60d3a26cf730 rank 3 nRanks 4 nNodes 1 localRanks 4 localRank 3 MNNVL 0
alex-System-Product-Name:18280:18333 [0] NCCL INFO Channel 00/04 : 0 2 3 1
alex-System-Product-Name:18282:18345 [2] NCCL INFO Trees [0] 3/-1/-1->2->1 [1] -1/-1/-1->2->0 [2] 3/-1/-1->2->1 [3] -1/-1/-1->2->0
alex-System-Product-Name:18281:18344 [1] NCCL INFO Trees [0] 2/-1/-1->1->0 [1] 3/-1/-1->1->-1 [2] 2/-1/-1->1->0 [3] 3/-1/-1->1->-1
alex-System-Product-Name:18283:18339 [3] NCCL INFO Trees [0] -1/-1/-1->3->2 [1] 0/-1/-1->3->1 [2] -1/-1/-1->3->2 [3] 0/-1/-1->3->1
alex-System-Product-Name:18280:18333 [0] NCCL INFO Channel 01/04 : 0 1 3 2
alex-System-Product-Name:18282:18345 [2] NCCL INFO P2P Chunksize set to 131072
alex-System-Product-Name:18281:18344 [1] NCCL INFO P2P Chunksize set to 131072
alex-System-Product-Name:18283:18339 [3] NCCL INFO P2P Chunksize set to 131072
alex-System-Product-Name:18280:18333 [0] NCCL INFO Channel 02/04 : 0 2 3 1
alex-System-Product-Name:18280:18333 [0] NCCL INFO Channel 03/04 : 0 1 3 2
alex-System-Product-Name:18280:18333 [0] NCCL INFO Trees [0] 1/-1/-1->0->-1 [1] 2/-1/-1->0->3 [2] 1/-1/-1->0->-1 [3] 2/-1/-1->0->3
alex-System-Product-Name:18280:18333 [0] NCCL INFO P2P Chunksize set to 131072
alex-System-Product-Name:18280:18333 [0] NCCL INFO Check P2P Type intraNodeP2pSupport 0 directMode 0
alex-System-Product-Name:18280:18350 [0] NCCL INFO [Proxy Service] Device 0 CPU core 26
alex-System-Product-Name:18283:18351 [3] NCCL INFO [Proxy Service] Device 3 CPU core 12
alex-System-Product-Name:18280:18354 [0] NCCL INFO [Proxy Service UDS] Device 0 CPU core 21
alex-System-Product-Name:18283:18356 [3] NCCL INFO [Proxy Service UDS] Device 3 CPU core 20
alex-System-Product-Name:18281:18355 [1] NCCL INFO [Proxy Service UDS] Device 1 CPU core 16
alex-System-Product-Name:18281:18352 [1] NCCL INFO [Proxy Service] Device 1 CPU core 26
alex-System-Product-Name:18282:18353 [2] NCCL INFO [Proxy Service] Device 2 CPU core 27
alex-System-Product-Name:18282:18357 [2] NCCL INFO [Proxy Service UDS] Device 2 CPU core 12
alex-System-Product-Name:18282:18345 [2] NCCL INFO threadThresholds 8/8/64 | 32/8/64 | 512 | 512
alex-System-Product-Name:18282:18345 [2] NCCL INFO 4 coll channels, 4 collnet channels, 0 nvls channels, 4 p2p channels, 2 p2p channels per peer
alex-System-Product-Name:18283:18339 [3] NCCL INFO threadThresholds 8/8/64 | 32/8/64 | 512 | 512
alex-System-Product-Name:18283:18339 [3] NCCL INFO 4 coll channels, 4 collnet channels, 0 nvls channels, 4 p2p channels, 2 p2p channels per peer
alex-System-Product-Name:18281:18344 [1] NCCL INFO threadThresholds 8/8/64 | 32/8/64 | 512 | 512
alex-System-Product-Name:18281:18344 [1] NCCL INFO 4 coll channels, 4 collnet channels, 0 nvls channels, 4 p2p channels, 2 p2p channels per peer
alex-System-Product-Name:18280:18333 [0] NCCL INFO threadThresholds 8/8/64 | 32/8/64 | 512 | 512
alex-System-Product-Name:18280:18333 [0] NCCL INFO 4 coll channels, 4 collnet channels, 0 nvls channels, 4 p2p channels, 2 p2p channels per peer
alex-System-Product-Name:18280:18333 [0] NCCL INFO CC Off, workFifoBytes 1048576
alex-System-Product-Name:18281:18344 [1] NCCL INFO TUNER/Plugin: Could not find: libnccl-tuner.so. Using internal tuner plugin.
alex-System-Product-Name:18282:18345 [2] NCCL INFO TUNER/Plugin: Could not find: libnccl-tuner.so. Using internal tuner plugin.
alex-System-Product-Name:18283:18339 [3] NCCL INFO TUNER/Plugin: Could not find: libnccl-tuner.so. Using internal tuner plugin.
alex-System-Product-Name:18280:18333 [0] NCCL INFO TUNER/Plugin: Could not find: libnccl-tuner.so. Using internal tuner plugin.
alex-System-Product-Name:18281:18344 [1] NCCL INFO ncclCommInitRankConfig comm 0x5c00c9872ea0 rank 1 nranks 4 cudaDev 1 nvmlDev 1 busId 5000 commId 0x5af753ad817cb221 - Init COMPLETE
alex-System-Product-Name:18282:18345 [2] NCCL INFO ncclCommInitRankConfig comm 0x60a047431580 rank 2 nranks 4 cudaDev 2 nvmlDev 2 busId 8000 commId 0x5af753ad817cb221 - Init COMPLETE
alex-System-Product-Name:18283:18339 [3] NCCL INFO ncclCommInitRankConfig comm 0x60d3a26cf730 rank 3 nranks 4 cudaDev 3 nvmlDev 3 busId 9000 commId 0x5af753ad817cb221 - Init COMPLETE
alex-System-Product-Name:18280:18333 [0] NCCL INFO ncclCommInitRankConfig comm 0x654afd05d5a0 rank 0 nranks 4 cudaDev 0 nvmlDev 0 busId 1000 commId 0x5af753ad817cb221 - Init COMPLETE
alex-System-Product-Name:18281:18344 [1] NCCL INFO Init timings - ncclCommInitRankConfig: rank 1 nranks 4 total 0.10 (kernels 0.07, alloc 0.00, bootstrap 0.01, allgathers 0.00, topo 0.02, graphs 0.00, connections 0.00, rest 0.00)
alex-System-Product-Name:18282:18345 [2] NCCL INFO Init timings - ncclCommInitRankConfig: rank 2 nranks 4 total 0.10 (kernels 0.08, alloc 0.00, bootstrap 0.00, allgathers 0.00, topo 0.02, graphs 0.00, connections 0.00, rest 0.00)
alex-System-Product-Name:18283:18339 [3] NCCL INFO Init timings - ncclCommInitRankConfig: rank 3 nranks 4 total 0.12 (kernels 0.07, alloc 0.00, bootstrap 0.03, allgathers 0.00, topo 0.02, graphs 0.00, connections 0.00, rest 0.00)
alex-System-Product-Name:18280:18333 [0] NCCL INFO Init timings - ncclCommInitRankConfig: rank 0 nranks 4 total 0.23 (kernels 0.11, alloc 0.00, bootstrap 0.10, allgathers 0.00, topo 0.02, graphs 0.00, connections 0.00, rest 0.00)
alex-System-Product-Name:18280:18358 [0] NCCL INFO Channel 01 : 0[0] -> 1[1] via SHM/direct/direct
alex-System-Product-Name:18280:18358 [0] NCCL INFO Channel 03 : 0[0] -> 1[1] via SHM/direct/direct
alex-System-Product-Name:18282:18361 [2] NCCL INFO Channel 00 : 2[2] -> 3[3] via SHM/direct/direct
alex-System-Product-Name:18282:18361 [2] NCCL INFO Channel 02 : 2[2] -> 3[3] via SHM/direct/direct
alex-System-Product-Name:18283:18360 [3] NCCL INFO Channel 00/0 : 3[3] -> 1[1] via P2P/CUMEM
alex-System-Product-Name:18282:18361 [2] NCCL INFO Channel 01/0 : 2[2] -> 0[0] via P2P/CUMEM
alex-System-Product-Name:18283:18360 [3] NCCL INFO Channel 02/0 : 3[3] -> 1[1] via P2P/CUMEM
alex-System-Product-Name:18282:18361 [2] NCCL INFO Channel 03/0 : 2[2] -> 0[0] via P2P/CUMEM
alex-System-Product-Name:18281:18359 [1] NCCL INFO Channel 01/0 : 1[1] -> 3[3] via P2P/CUMEM
alex-System-Product-Name:18280:18358 [0] NCCL INFO Channel 00/0 : 0[0] -> 2[2] via P2P/CUMEM
alex-System-Product-Name:18281:18359 [1] NCCL INFO Channel 03/0 : 1[1] -> 3[3] via P2P/CUMEM
alex-System-Product-Name:18280:18358 [0] NCCL INFO Channel 02/0 : 0[0] -> 2[2] via P2P/CUMEM
alex-System-Product-Name:18283:18360 [3] NCCL INFO Channel 01 : 3[3] -> 2[2] via SHM/direct/direct
alex-System-Product-Name:18281:18359 [1] NCCL INFO Channel 00 : 1[1] -> 0[0] via SHM/direct/direct
alex-System-Product-Name:18283:18360 [3] NCCL INFO Channel 03 : 3[3] -> 2[2] via SHM/direct/direct
alex-System-Product-Name:18281:18359 [1] NCCL INFO Channel 02 : 1[1] -> 0[0] via SHM/direct/direct
alex-System-Product-Name:18283:18360 [3] NCCL INFO Connected all rings, use ring PXN 0 GDR 1
alex-System-Product-Name:18280:18358 [0] NCCL INFO Connected all rings, use ring PXN 0 GDR 1
alex-System-Product-Name:18282:18361 [2] NCCL INFO Connected all rings, use ring PXN 0 GDR 1
alex-System-Product-Name:18281:18359 [1] NCCL INFO Connected all rings, use ring PXN 0 GDR 1
2025-07-10 20:37:04 [INFO    ] 🔸 root           : Total data: 40000 train, 10000 test rows
2025-07-10 20:37:04 [INFO    ] 🔸 root           : Total data: 40000 train, 10000 test rows
2025-07-10 20:37:04 [INFO    ] 🔸 root           : Total data: 40000 train, 10000 test rows
2025-07-10 20:37:04 [INFO    ] 🔸 root           : Total data: 40000 train, 10000 test rows
2025-07-10 20:37:04 [INFO    ] 🔸 numba.cuda.cudadrv.driver: init
2025-07-10 20:37:04 [INFO    ] 🔸 numba.cuda.cudadrv.driver: init
2025-07-10 20:37:04 [INFO    ] 🔸 numba.cuda.cudadrv.driver: init
2025-07-10 20:37:04 [INFO    ] 🔸 numba.cuda.cudadrv.driver: init
2025-07-10 20:37:04 [INFO    ] 🔸 root           : Rank 3 heartbeat - waiting for adaptive training
2025-07-10 20:37:04 [INFO    ] 🔸 root           : Rank 2 heartbeat - waiting for adaptive training
2025-07-10 20:37:04 [INFO    ] 🔸 root           : Rank 1 heartbeat - waiting for adaptive training
2025-07-10 20:37:05 [INFO    ] 🔸 VISUALIZATION  : 🎨 Visualization system initialized on port 5000
2025-07-10 20:37:05 [INFO    ] 🔸 VISUALIZATION  : 🌐 Dashboard server started at http://0.0.0.0:5000
2025-07-10 20:37:05 [INFO    ] 🔸 VISUALIZATION  : 🔗 View dashboard at: http://0.0.0.0:5000/trading_dashboard.html
2025-07-10 20:37:05 [INFO    ] 🔸 root           : 🌐 Real-time dashboard available at http://0.0.0.0:5000/trading_dashboard.html
2025-07-10 20:37:05 [INFO    ] 🔸 email_notifications: Email notifications configured for ali.aloraibi@outlook.com
2025-07-10 20:37:05 [INFO    ] 🔸 email_notifications: Notifications will be sent every 6 hours
2025-07-10 20:37:05 [INFO    ] 🔸 email_notifications: No training metrics available for progress update
2025-07-10 20:37:05 [INFO    ] 🔸 email_notifications: Training monitoring started
2025-07-10 20:37:05 [INFO    ] 🔸 root           : 📧 Email notifications enabled
2025-07-10 20:37:05 [INFO    ] 🔸 adaptive_trainer: Removed old TensorBoard run: ./runs/ga_experiment
2025-07-10 20:37:05 [INFO    ] 🔸 adaptive_trainer: Starting adaptive training
2025-07-10 20:37:05 [INFO    ] 🔸 adaptive_trainer: 
=== Adaptive Training Iteration 1/3 ===
2025-07-10 20:37:06 [INFO    ] 🔸 adaptive_trainer: Evaluation results: 1540 profits, total=0.0000
2025-07-10 20:37:06 [INFO    ] 🔸 adaptive_trainer: Metrics: CAGR=0.0000, Sharpe=0.0000, MDD=0.0000
2025-07-10 20:37:06 [INFO    ] 🔸 adaptive_trainer: Current performance: 0.0000 (best: 0.0000)
2025-07-10 20:37:06 [INFO    ] 🔸 adaptive_trainer: Stagnation: 0, Poor performance: 0
2025-07-10 20:37:06 [INFO    ] 🔸 adaptive_trainer: Method: GA, Entropy: 1.9459
2025-07-10 20:37:06 [INFO    ] 🔸 adaptive_trainer: Switching to PPO due to: ga_solution_refinement
2025-07-10 20:37:06 [INFO    ] 🔸 adaptive_trainer: Switching from GA to PPO
2025-07-10 20:37:06 [INFO    ] 🔸 adaptive_trainer: Starting PPO phase: 150 updates
2025-07-10 20:37:06 [INFO    ] 🔸 policy_gradient_methods: Loaded model from models/ppo_models/adaptive_ppo_model.pth
Removed old TensorBoard run: ./runs/ppo_rank_0
Removed old TensorBoard run: ./runs/sample_training
2025-07-10 20:37:07 [INFO    ] 🔸 policy_gradient_methods: Loaded model from models/ppo_models/adaptive_ppo_model.pth
2025-07-10 20:37:08 [INFO    ] 🔸 adaptive_trainer: Evaluation results: 1980 profits, total=0.0000
2025-07-10 20:37:08 [INFO    ] 🔸 adaptive_trainer: Metrics: CAGR=0.0000, Sharpe=-5.0000, MDD=0.0000
2025-07-10 20:37:09 [INFO    ] 🔸 root           : Rank 3 detected training completion                                                                                                                                     
2025-07-10 20:37:09 [INFO    ] 🔸 root           : Rank 2 detected training completion
2025-07-10 20:37:09 [INFO    ] 🔸 root           : Rank 1 detected training completion
2025-07-10 20:38:16 [INFO    ] 🔸 adaptive_trainer: Evaluation results: 1444 profits, total=0.0000                                                                                                                         
2025-07-10 20:38:16 [INFO    ] 🔸 adaptive_trainer: Metrics: CAGR=0.0000, Sharpe=0.0000, MDD=0.0000
2025-07-10 20:38:16 [INFO    ] 🔸 adaptive_trainer: PPO Update 50: Performance=0.0000, Entropy=1.9459
2025-07-10 20:39:40 [INFO    ] 🔸 adaptive_trainer: Evaluation results: 1562 profits, total=0.0000                                                                                                                         
2025-07-10 20:39:40 [INFO    ] 🔸 adaptive_trainer: Metrics: CAGR=0.0000, Sharpe=0.0000, MDD=0.0000
2025-07-10 20:39:40 [INFO    ] 🔸 adaptive_trainer: PPO Update 100: Performance=0.0000, Entropy=1.9459
2025-07-10 20:41:02 [INFO    ] 🔸 adaptive_trainer: Evaluation results: 1499 profits, total=0.0000                                                                                                                         
2025-07-10 20:41:02 [INFO    ] 🔸 adaptive_trainer: Metrics: CAGR=0.0000, Sharpe=0.0000, MDD=0.0000
2025-07-10 20:41:02 [INFO    ] 🔸 adaptive_trainer: PPO Update 150: Performance=0.0000, Entropy=1.9459
2025-07-10 20:41:02 [INFO    ] 🔸 policy_gradient_methods: Saved model to models/ppo_models/adaptive_ppo_model.pth at 2025-07-10 20:41:02.359308
2025-07-10 20:41:03 [INFO    ] 🔸 adaptive_trainer: Evaluation results: 1462 profits, total=0.0000
2025-07-10 20:41:03 [INFO    ] 🔸 adaptive_trainer: Metrics: CAGR=0.0000, Sharpe=-5.0000, MDD=0.0000
2025-07-10 20:41:03 [INFO    ] 🔸 adaptive_trainer: PPO phase completed with performance: -0.2500
2025-07-10 20:41:03 [INFO    ] 🔸 adaptive_trainer: 
=== Adaptive Training Iteration 2/3 ===
2025-07-10 20:41:03 [INFO    ] 🔸 adaptive_trainer: Evaluation results: 1314 profits, total=0.0000
2025-07-10 20:41:03 [INFO    ] 🔸 adaptive_trainer: Metrics: CAGR=0.0000, Sharpe=0.0000, MDD=0.0000
2025-07-10 20:41:03 [INFO    ] 🔸 adaptive_trainer: Current performance: 0.0000 (best: 0.0000)
2025-07-10 20:41:03 [INFO    ] 🔸 adaptive_trainer: Stagnation: 1, Poor performance: 0
2025-07-10 20:41:03 [INFO    ] 🔸 adaptive_trainer: Method: PPO, Entropy: 1.4801
2025-07-10 20:41:03 [INFO    ] 🔸 adaptive_trainer: Switching to GA due to: exploration_phase
2025-07-10 20:41:03 [INFO    ] 🔸 adaptive_trainer: Switching from PPO to GA
2025-07-10 20:41:03 [INFO    ] 🔸 adaptive_trainer: Starting GA phase: 20 generations, population 20
[GA] Loaded GA model from models/ga_models/adaptive_ga_model.pth
[GA] Loaded GA model from models/ga_models/adaptive_ga_model.pth                                                        
[GA] Evaluated 5/15 individuals                                                                                         
[GA] Evaluated 10/15 individuals                                                                                        
[GA] Evaluated 15/15 individuals                                                                                        
[GA] Saved GA model to models/ga_models/adaptive_ga_model.pth                                                           
[GA] Evaluated 5/15 individuals                                                                                         
[GA] Evaluated 10/15 individuals                                                                                        
[GA] Evaluated 15/15 individuals                                                                                        
[GA] Evaluated 5/15 individuals                                                                                         
[GA] Evaluated 10/15 individuals                                                                                        
[GA] Evaluated 15/15 individuals                                                                                        
[GA] Saved GA model to models/ga_models/adaptive_ga_model.pth                                                           
[GA] Evaluated 5/15 individuals                                                                                         
[GA] Evaluated 10/15 individuals                                                                                        
[GA] Evaluated 15/15 individuals                                                                                        
[GA] Evaluated 5/15 individuals                                                                                         
[GA] Evaluated 10/15 individuals                                                                                        
[GA] Evaluated 15/15 individuals                                                                                        
[GA] Evaluated 5/15 individuals                                                                                         
[GA] Evaluated 10/15 individuals                                                                                        
[GA] Evaluated 15/15 individuals                                                                                        
[GA] Evaluated 5/15 individuals                                                                                         
[GA] Evaluated 10/15 individuals                                                                                        
[GA] Evaluated 15/15 individuals                                                                                        
[GA] Evaluated 5/15 individuals                                                                                         
[GA] Evaluated 10/15 individuals                                                                                        
[GA] Evaluated 15/15 individuals                                                                                        
[GA] Evaluated 5/15 individuals                                                                                         
[GA] Evaluated 10/15 individuals                                                                                        
[GA] Evaluated 15/15 individuals                                                                                        
[GA] Evaluated 5/15 individuals                                                                                         
[GA] Evaluated 10/15 individuals                                                                                        
[GA] Evaluated 15/15 individuals                                                                                        
2025-07-10 20:41:51 [INFO    ] 🔸 adaptive_trainer: GA phase completed with fitness: 40.2824                            
2025-07-10 20:41:51 [INFO    ] 🔸 adaptive_trainer: 
=== Adaptive Training Iteration 3/3 ===
2025-07-10 20:41:52 [INFO    ] 🔸 adaptive_trainer: Evaluation results: 2332 profits, total=0.0000
2025-07-10 20:41:52 [INFO    ] 🔸 adaptive_trainer: Metrics: CAGR=0.0000, Sharpe=0.0000, MDD=0.0000
2025-07-10 20:41:52 [INFO    ] 🔸 adaptive_trainer: Current performance: 0.0000 (best: 0.0000)
2025-07-10 20:41:52 [INFO    ] 🔸 adaptive_trainer: Stagnation: 2, Poor performance: 0
2025-07-10 20:41:52 [INFO    ] 🔸 adaptive_trainer: Method: GA, Entropy: 0.9053
2025-07-10 20:41:52 [INFO    ] 🔸 adaptive_trainer: Switching to PPO due to: ga_solution_refinement
2025-07-10 20:41:52 [INFO    ] 🔸 adaptive_trainer: Switching from GA to PPO
2025-07-10 20:41:52 [INFO    ] 🔸 adaptive_trainer: Starting PPO phase: 150 updates
2025-07-10 20:41:52 [INFO    ] 🔸 policy_gradient_methods: Loaded model from models/ppo_models/adaptive_ppo_model.pth
2025-07-10 20:41:53 [INFO    ] 🔸 adaptive_trainer: Evaluation results: 1427 profits, total=0.0000
2025-07-10 20:41:53 [INFO    ] 🔸 adaptive_trainer: Metrics: CAGR=0.0000, Sharpe=0.0000, MDD=0.0000
2025-07-10 20:43:11 [INFO    ] 🔸 adaptive_trainer: Evaluation results: 2486 profits, total=0.0000                                                                                                                         
2025-07-10 20:43:11 [INFO    ] 🔸 adaptive_trainer: Metrics: CAGR=0.0000, Sharpe=-5.0000, MDD=0.0000
2025-07-10 20:43:11 [INFO    ] 🔸 adaptive_trainer: PPO Update 50: Performance=-0.2500, Entropy=0.8165
2025-07-10 20:43:11 [WARNING ] 🔸 adaptive_trainer: PPO early stopping due to lack of improvement (patience: 3)
2025-07-10 20:43:11 [INFO    ] 🔸 policy_gradient_methods: Saved model to models/ppo_models/adaptive_ppo_model.pth at 2025-07-10 20:43:11.692254
2025-07-10 20:43:13 [INFO    ] 🔸 adaptive_trainer: Evaluation results: 2448 profits, total=0.0000
2025-07-10 20:43:13 [INFO    ] 🔸 adaptive_trainer: Metrics: CAGR=0.0000, Sharpe=0.0000, MDD=0.0000
2025-07-10 20:43:13 [INFO    ] 🔸 adaptive_trainer: PPO phase completed with performance: 0.0000
2025-07-10 20:43:13 [INFO    ] 🔸 adaptive_trainer: Adaptive training completed
[GA] Loaded GA model from models/ga_models/adaptive_ga_model.pth
2025-07-10 20:43:14 [INFO    ] 🔸 adaptive_trainer: Evaluation results: 2323 profits, total=0.0000
2025-07-10 20:43:14 [INFO    ] 🔸 adaptive_trainer: Metrics: CAGR=0.0000, Sharpe=-5.0000, MDD=0.0000
2025-07-10 20:43:14 [INFO    ] 🔸 policy_gradient_methods: Loaded model from models/ppo_models/adaptive_ppo_model.pth
2025-07-10 20:43:14 [INFO    ] 🔸 adaptive_trainer: Evaluation results: 1023 profits, total=0.0000
2025-07-10 20:43:14 [INFO    ] 🔸 adaptive_trainer: Metrics: CAGR=0.0000, Sharpe=-5.0000, MDD=0.0000
2025-07-10 20:43:14 [INFO    ] 🔸 adaptive_trainer: Best agent: GA (performance: -0.2500)
2025-07-10 20:43:14 [INFO    ] 🔸 root           : === Adaptive Training Summary ===
2025-07-10 20:43:14 [INFO    ] 🔸 root           : Iteration 1: GA -> Performance: 0.0000, Switch: ga_to_ppo
2025-07-10 20:43:14 [INFO    ] 🔸 root           : Iteration 2: PPO -> Performance: 0.0000, Switch: ppo_to_ga
2025-07-10 20:43:14 [INFO    ] 🔸 root           : Iteration 3: GA -> Performance: 0.0000, Switch: ga_to_ppo
[GA] Saved GA model to models/best_adaptive_model.pth
2025-07-10 20:43:14 [INFO    ] 🔸 root           : Model saved to models/best_adaptive_model.pth with backup
2025-07-10 20:43:16 [INFO    ] 🔸 root           : Final Best Agent → CAGR: 0.0000, Sharpe: -5.0000, MDD: 0.0000
2025-07-10 20:43:16 [INFO    ] 🔸 root           : Training completion flag created
alex-System-Product-Name:18282:19096 [2] NCCL INFO comm 0x60a047431580 rank 2 nranks 4 cudaDev 2 busId 8000 - Destroy COMPLETE
alex-System-Product-Name:18281:19097 [1] NCCL INFO comm 0x5c00c9872ea0 rank 1 nranks 4 cudaDev 1 busId 5000 - Destroy COMPLETE
alex-System-Product-Name:18280:19094 [0] NCCL INFO comm 0x654afd05d5a0 rank 0 nranks 4 cudaDev 0 busId 1000 - Destroy COMPLETE
alex-System-Product-Name:18283:19095 [3] NCCL INFO comm 0x60d3a26cf730 rank 3 nranks 4 cudaDev 3 busId 9000 - Destroy COMPLETE
(GeneticTrading) alex@alex-System-Product-Name:/mnt/windows/GeneticTrading$ 
