(GeneticTrading) alex@alex-System-Product-Name:/mnt/windows/GeneticTrading$ torchrun --nproc_per_node=4 --nnodes=1 --node_rank=0 --master_addr=127.0.0.1 --master_port=12355 main.py --data-folder ./data_txt --max-rows 50000 --adaptive-iterations 3 --log-level INFO --training-mode adaptive
W0710 20:28:08.146000 16049 site-packages/torch/distributed/run.py:766] 
W0710 20:28:08.146000 16049 site-packages/torch/distributed/run.py:766] *****************************************
W0710 20:28:08.146000 16049 site-packages/torch/distributed/run.py:766] Setting OMP_NUM_THREADS environment variable for each process to be 1 in default, to avoid your system being overloaded, please further tune the variable for optimal performance in your application as needed. 
W0710 20:28:08.146000 16049 site-packages/torch/distributed/run.py:766] *****************************************
2025-07-10 20:28:10 [INFO    ] ğŸ”¸ SESSION        : ================================================================================
2025-07-10 20:28:10 [INFO    ] ğŸ”¸ SESSION        : ğŸ¯ Revolutionary NQ Futures Trading System
2025-07-10 20:28:10 [INFO    ] ğŸ”¸ SESSION        : ğŸ“Š Session started at 2025-07-10 20:28:10.378384
2025-07-10 20:28:10 [INFO    ] ğŸ”¸ SESSION        : ğŸ’» Process rank: 0
2025-07-10 20:28:10 [INFO    ] ğŸ”¸ SESSION        : ğŸ“ Log file: logs/trading_system_rank_0.log
2025-07-10 20:28:10 [INFO    ] ğŸ”¸ SESSION        : ================================================================================
2025-07-10 20:28:10 [INFO    ] ğŸ”¸ MAIN           : ğŸš€ Revolutionary Trading System Started
2025-07-10 20:28:10 [INFO    ] ğŸ”¸ MAIN           : NCCL_TIMEOUT = 1800000 ms
2025-07-10 20:28:10 [INFO    ] ğŸ”¸ MAIN           : Using 100.0% of available data
2025-07-10 20:28:10 [INFO    ] ğŸ”¸ MAIN           : Models directory: ./models
2025-07-10 20:28:10 [INFO    ] ğŸ”¸ MAIN           : Training mode: adaptive
2025-07-10 20:28:10 [INFO    ] ğŸ”¸ MAIN           : Device configuration: cuda:0
2025-07-10 20:28:10 [INFO    ] ğŸ”¸ MAIN           : World size: 4, Local rank: 0
2025-07-10 20:28:10 [INFO    ] ğŸ”¸ root           : Rank 0/4 starting on cuda:0 (has_cudf=True)
2025-07-10 20:28:10 [INFO    ] ğŸ”¸ root           : Data loading parameters: max_rows=50000, data_percentage=1.0
2025-07-10 20:28:10 [INFO    ] ğŸ”¸ root           : Processing data with max_rows=50000, chunk_size=500000
2025-07-10 20:28:10 [INFO    ] ğŸ”¸ data_preprocessing: Scanning 1 files for raw data (using chunked reading)...
2025-07-10 20:28:10 [INFO    ] ğŸ”¸ data_preprocessing: Processing file: NQ_full_1min_continuous_absolute_adjusted.txt
2025-07-10 20:28:10 [INFO    ] ğŸ”¸ data_preprocessing: Processing NQ_full_1min_continuous_absolute_adjusted.txt - Header detected: False
2025-07-10 20:28:10 [INFO    ] ğŸ”¸ SESSION        : ================================================================================
2025-07-10 20:28:10 [INFO    ] ğŸ”¸ SESSION        : ğŸ¯ Revolutionary NQ Futures Trading System
2025-07-10 20:28:10 [INFO    ] ğŸ”¸ SESSION        : ğŸ“Š Session started at 2025-07-10 20:28:10.526903
2025-07-10 20:28:10 [INFO    ] ğŸ”¸ SESSION        : ğŸ’» Process rank: 1
2025-07-10 20:28:10 [INFO    ] ğŸ”¸ SESSION        : ğŸ“ Log file: logs/trading_system_rank_1.log
2025-07-10 20:28:10 [INFO    ] ğŸ”¸ SESSION        : ================================================================================
2025-07-10 20:28:10 [INFO    ] ğŸ”¸ root           : Rank 1/4 starting on cuda:1 (has_cudf=True)
2025-07-10 20:28:10 [INFO    ] ğŸ”¸ root           : Data loading parameters: max_rows=50000, data_percentage=1.0
2025-07-10 20:28:10 [INFO    ] ğŸ”¸ SESSION        : ================================================================================
2025-07-10 20:28:10 [INFO    ] ğŸ”¸ SESSION        : ğŸ¯ Revolutionary NQ Futures Trading System
2025-07-10 20:28:10 [INFO    ] ğŸ”¸ SESSION        : ğŸ“Š Session started at 2025-07-10 20:28:10.536164
2025-07-10 20:28:10 [INFO    ] ğŸ”¸ SESSION        : ğŸ’» Process rank: 2
2025-07-10 20:28:10 [INFO    ] ğŸ”¸ SESSION        : ğŸ“ Log file: logs/trading_system_rank_2.log
2025-07-10 20:28:10 [INFO    ] ğŸ”¸ SESSION        : ================================================================================
2025-07-10 20:28:10 [INFO    ] ğŸ”¸ root           : Rank 2/4 starting on cuda:2 (has_cudf=True)
2025-07-10 20:28:10 [INFO    ] ğŸ”¸ root           : Data loading parameters: max_rows=50000, data_percentage=1.0
2025-07-10 20:28:10 [INFO    ] ğŸ”¸ SESSION        : ================================================================================
2025-07-10 20:28:10 [INFO    ] ğŸ”¸ SESSION        : ğŸ¯ Revolutionary NQ Futures Trading System
2025-07-10 20:28:10 [INFO    ] ğŸ”¸ SESSION        : ğŸ“Š Session started at 2025-07-10 20:28:10.540549
2025-07-10 20:28:10 [INFO    ] ğŸ”¸ SESSION        : ğŸ’» Process rank: 3
2025-07-10 20:28:10 [INFO    ] ğŸ”¸ SESSION        : ğŸ“ Log file: logs/trading_system_rank_3.log
2025-07-10 20:28:10 [INFO    ] ğŸ”¸ SESSION        : ================================================================================
2025-07-10 20:28:10 [INFO    ] ğŸ”¸ root           : Rank 3/4 starting on cuda:3 (has_cudf=True)
2025-07-10 20:28:10 [INFO    ] ğŸ”¸ root           : Data loading parameters: max_rows=50000, data_percentage=1.0
2025-07-10 20:28:11 [INFO    ] ğŸ”¸ numba.cuda.cudadrv.driver: init
2025-07-10 20:28:12 [INFO    ] ğŸ”¸ data_preprocessing: Combining all file chunks...
2025-07-10 20:28:12 [INFO    ] ğŸ”¸ data_preprocessing: Performing comprehensive null data cleaning...
/home/alex/miniconda3/envs/GeneticTrading/lib/python3.12/site-packages/cudf/core/frame.py:784: FutureWarning: Series.fillna with 'method' is deprecated and will raise in a future version. Use obj.ffill() or obj.bfill() instead.
  warnings.warn(
2025-07-10 20:28:12 [INFO    ] ğŸ”¸ data_preprocessing: Final clean data: 5389750 rows with no null values
2025-07-10 20:28:12 [INFO    ] ğŸ”¸ data_preprocessing: Caching combined data...
2025-07-10 20:28:12 [INFO    ] ğŸ”¸ data_preprocessing: Cached combined data to ./cached_data/combined_c45aa0ea65a985db5a05afa4579f0ae232581f54055da961dfa91464108f8fc3.parquet
2025-07-10 20:28:12 [INFO    ] ğŸ”¸ data_preprocessing: Processing 50000 rows in chunks of 500000
2025-07-10 20:28:12 [INFO    ] ğŸ”¸ data_preprocessing: Starting comprehensive data validation and cleaning...
2025-07-10 20:28:12 [INFO    ] ğŸ”¸ data_preprocessing: Performing final null validation...
2025-07-10 20:28:12 [INFO    ] ğŸ”¸ data_preprocessing: Feature engineering completed: 50000 rows, no null values
2025-07-10 20:28:12 [INFO    ] ğŸ”¸ data_preprocessing: Starting scaling with null validation...
2025-07-10 20:28:12 [INFO    ] ğŸ”¸ data_preprocessing: Removed 0 rows with nulls in numeric columns
2025-07-10 20:28:12 [INFO    ] ğŸ”¸ data_preprocessing: Final scaling dataset: 50000 rows
2025-07-10 20:28:13 [INFO    ] ğŸ”¸ root           : Saving processed data to compressed Parquet...
2025-07-10 20:28:13 [INFO    ] ğŸ”¸ root           : Data cached to Parquet and artifacts saved.
alex-System-Product-Name:16083:16083 [0] NCCL INFO Bootstrap: Using wlp0s20f3:192.168.0.129<0>
alex-System-Product-Name:16083:16083 [0] NCCL INFO cudaDriverVersion 12020
alex-System-Product-Name:16083:16083 [0] NCCL INFO NCCL version 2.26.2+cuda12.2
alex-System-Product-Name:16083:16083 [0] NCCL INFO Comm config Blocking set to 1
alex-System-Product-Name:16086:16086 [3] NCCL INFO cudaDriverVersion 12020
alex-System-Product-Name:16085:16085 [2] NCCL INFO cudaDriverVersion 12020
alex-System-Product-Name:16084:16084 [1] NCCL INFO cudaDriverVersion 12020
alex-System-Product-Name:16086:16086 [3] NCCL INFO Bootstrap: Using wlp0s20f3:192.168.0.129<0>
alex-System-Product-Name:16084:16084 [1] NCCL INFO Bootstrap: Using wlp0s20f3:192.168.0.129<0>
alex-System-Product-Name:16085:16085 [2] NCCL INFO Bootstrap: Using wlp0s20f3:192.168.0.129<0>
alex-System-Product-Name:16086:16086 [3] NCCL INFO NCCL version 2.26.2+cuda12.2
alex-System-Product-Name:16084:16084 [1] NCCL INFO NCCL version 2.26.2+cuda12.2
alex-System-Product-Name:16085:16085 [2] NCCL INFO NCCL version 2.26.2+cuda12.2
alex-System-Product-Name:16086:16086 [3] NCCL INFO Comm config Blocking set to 1
alex-System-Product-Name:16085:16085 [2] NCCL INFO Comm config Blocking set to 1
alex-System-Product-Name:16084:16084 [1] NCCL INFO Comm config Blocking set to 1
alex-System-Product-Name:16083:16154 [0] NCCL INFO NET/Plugin: Could not find: libnccl-net.so. Using internal net plugin.
alex-System-Product-Name:16083:16154 [0] NCCL INFO NET/IB : No device found.
alex-System-Product-Name:16083:16154 [0] NCCL INFO NET/IB : Using [RO]; OOB wlp0s20f3:192.168.0.129<0>
alex-System-Product-Name:16083:16154 [0] NCCL INFO NET/Socket : Using [0]wlp0s20f3:192.168.0.129<0> [1]br-447583e7b32a:172.18.0.1<0> [2]br-81374c9c6e9c:172.19.0.1<0> [3]br-aaa630fe606a:172.20.0.1<0> [4]br-bc0f5ef31d4f:192.168.128.1<0>
alex-System-Product-Name:16083:16154 [0] NCCL INFO PROFILER/Plugin: Could not find: libnccl-profiler.so. 
alex-System-Product-Name:16083:16154 [0] NCCL INFO Using network Socket
alex-System-Product-Name:16083:16154 [0] NCCL INFO ncclCommInitRankConfig comm 0x5ee7fa426800 rank 0 nranks 4 cudaDev 0 nvmlDev 0 busId 1000 commId 0x28f8c103ff35ad9c - Init START
alex-System-Product-Name:16084:16157 [1] NCCL INFO NET/Plugin: Could not find: libnccl-net.so. Using internal net plugin.
alex-System-Product-Name:16084:16157 [1] NCCL INFO NET/IB : No device found.
alex-System-Product-Name:16084:16157 [1] NCCL INFO NET/IB : Using [RO]; OOB wlp0s20f3:192.168.0.129<0>
alex-System-Product-Name:16084:16157 [1] NCCL INFO NET/Socket : Using [0]wlp0s20f3:192.168.0.129<0> [1]br-447583e7b32a:172.18.0.1<0> [2]br-81374c9c6e9c:172.19.0.1<0> [3]br-aaa630fe606a:172.20.0.1<0> [4]br-bc0f5ef31d4f:192.168.128.1<0>
alex-System-Product-Name:16084:16157 [1] NCCL INFO PROFILER/Plugin: Could not find: libnccl-profiler.so. 
alex-System-Product-Name:16084:16157 [1] NCCL INFO Using network Socket
alex-System-Product-Name:16084:16157 [1] NCCL INFO ncclCommInitRankConfig comm 0x58ad1660a470 rank 1 nranks 4 cudaDev 1 nvmlDev 1 busId 5000 commId 0x28f8c103ff35ad9c - Init START
alex-System-Product-Name:16086:16155 [3] NCCL INFO NET/Plugin: Could not find: libnccl-net.so. Using internal net plugin.
alex-System-Product-Name:16086:16155 [3] NCCL INFO NET/IB : No device found.
alex-System-Product-Name:16086:16155 [3] NCCL INFO NET/IB : Using [RO]; OOB wlp0s20f3:192.168.0.129<0>
alex-System-Product-Name:16086:16155 [3] NCCL INFO NET/Socket : Using [0]wlp0s20f3:192.168.0.129<0> [1]br-447583e7b32a:172.18.0.1<0> [2]br-81374c9c6e9c:172.19.0.1<0> [3]br-aaa630fe606a:172.20.0.1<0> [4]br-bc0f5ef31d4f:192.168.128.1<0>
alex-System-Product-Name:16086:16155 [3] NCCL INFO PROFILER/Plugin: Could not find: libnccl-profiler.so. 
alex-System-Product-Name:16086:16155 [3] NCCL INFO Using network Socket
alex-System-Product-Name:16086:16155 [3] NCCL INFO ncclCommInitRankConfig comm 0x5ebff5b7bdc0 rank 3 nranks 4 cudaDev 3 nvmlDev 3 busId 9000 commId 0x28f8c103ff35ad9c - Init START
alex-System-Product-Name:16085:16156 [2] NCCL INFO NET/Plugin: Could not find: libnccl-net.so. Using internal net plugin.
alex-System-Product-Name:16085:16156 [2] NCCL INFO NET/IB : No device found.
alex-System-Product-Name:16085:16156 [2] NCCL INFO NET/IB : Using [RO]; OOB wlp0s20f3:192.168.0.129<0>
alex-System-Product-Name:16085:16156 [2] NCCL INFO NET/Socket : Using [0]wlp0s20f3:192.168.0.129<0> [1]br-447583e7b32a:172.18.0.1<0> [2]br-81374c9c6e9c:172.19.0.1<0> [3]br-aaa630fe606a:172.20.0.1<0> [4]br-bc0f5ef31d4f:192.168.128.1<0>
alex-System-Product-Name:16085:16156 [2] NCCL INFO PROFILER/Plugin: Could not find: libnccl-profiler.so. 
alex-System-Product-Name:16085:16156 [2] NCCL INFO Using network Socket
alex-System-Product-Name:16085:16156 [2] NCCL INFO ncclCommInitRankConfig comm 0x6247b32eb1a0 rank 2 nranks 4 cudaDev 2 nvmlDev 2 busId 8000 commId 0x28f8c103ff35ad9c - Init START
alex-System-Product-Name:16084:16157 [1] NCCL INFO RAS client listening socket at 127.0.0.1<28028>
alex-System-Product-Name:16085:16156 [2] NCCL INFO RAS client listening socket at 127.0.0.1<28028>
alex-System-Product-Name:16086:16155 [3] NCCL INFO RAS client listening socket at 127.0.0.1<28028>
alex-System-Product-Name:16083:16154 [0] NCCL INFO RAS client listening socket at 127.0.0.1<28028>
alex-System-Product-Name:16085:16156 [2] NCCL INFO Bootstrap timings total 0.004411 (create 0.000009, send 0.000048, recv 0.000064, ring 0.004182, delay 0.000000)
alex-System-Product-Name:16086:16155 [3] NCCL INFO Bootstrap timings total 0.013694 (create 0.000008, send 0.000037, recv 0.000081, ring 0.004178, delay 0.000000)
alex-System-Product-Name:16084:16157 [1] NCCL INFO Bootstrap timings total 0.015532 (create 0.000010, send 0.000045, recv 0.011163, ring 0.004186, delay 0.000000)
alex-System-Product-Name:16083:16154 [0] NCCL INFO Bootstrap timings total 0.017102 (create 0.000015, send 0.000059, recv 0.001628, ring 0.000044, delay 0.000000)
alex-System-Product-Name:16085:16156 [2] NCCL INFO NVLS multicast support is not available on dev 2
alex-System-Product-Name:16083:16154 [0] NCCL INFO NVLS multicast support is not available on dev 0
alex-System-Product-Name:16086:16155 [3] NCCL INFO NVLS multicast support is not available on dev 3
alex-System-Product-Name:16084:16157 [1] NCCL INFO NVLS multicast support is not available on dev 1
alex-System-Product-Name:16085:16156 [2] NCCL INFO comm 0x6247b32eb1a0 rank 2 nRanks 4 nNodes 1 localRanks 4 localRank 2 MNNVL 0
alex-System-Product-Name:16084:16157 [1] NCCL INFO comm 0x58ad1660a470 rank 1 nRanks 4 nNodes 1 localRanks 4 localRank 1 MNNVL 0
alex-System-Product-Name:16085:16156 [2] NCCL INFO Trees [0] 3/-1/-1->2->1 [1] -1/-1/-1->2->0 [2] 3/-1/-1->2->1 [3] -1/-1/-1->2->0
alex-System-Product-Name:16083:16154 [0] NCCL INFO comm 0x5ee7fa426800 rank 0 nRanks 4 nNodes 1 localRanks 4 localRank 0 MNNVL 0
alex-System-Product-Name:16086:16155 [3] NCCL INFO comm 0x5ebff5b7bdc0 rank 3 nRanks 4 nNodes 1 localRanks 4 localRank 3 MNNVL 0
alex-System-Product-Name:16085:16156 [2] NCCL INFO P2P Chunksize set to 131072
alex-System-Product-Name:16084:16157 [1] NCCL INFO Trees [0] 2/-1/-1->1->0 [1] 3/-1/-1->1->-1 [2] 2/-1/-1->1->0 [3] 3/-1/-1->1->-1
alex-System-Product-Name:16083:16154 [0] NCCL INFO Channel 00/04 : 0 2 3 1
alex-System-Product-Name:16084:16157 [1] NCCL INFO P2P Chunksize set to 131072
alex-System-Product-Name:16083:16154 [0] NCCL INFO Channel 01/04 : 0 1 3 2
alex-System-Product-Name:16083:16154 [0] NCCL INFO Channel 02/04 : 0 2 3 1
alex-System-Product-Name:16083:16154 [0] NCCL INFO Channel 03/04 : 0 1 3 2
alex-System-Product-Name:16086:16155 [3] NCCL INFO Trees [0] -1/-1/-1->3->2 [1] 0/-1/-1->3->1 [2] -1/-1/-1->3->2 [3] 0/-1/-1->3->1
alex-System-Product-Name:16083:16154 [0] NCCL INFO Trees [0] 1/-1/-1->0->-1 [1] 2/-1/-1->0->3 [2] 1/-1/-1->0->-1 [3] 2/-1/-1->0->3
alex-System-Product-Name:16086:16155 [3] NCCL INFO P2P Chunksize set to 131072
alex-System-Product-Name:16083:16154 [0] NCCL INFO P2P Chunksize set to 131072
alex-System-Product-Name:16083:16154 [0] NCCL INFO Check P2P Type intraNodeP2pSupport 0 directMode 0
alex-System-Product-Name:16085:16162 [2] NCCL INFO [Proxy Service] Device 2 CPU core 0
alex-System-Product-Name:16086:16164 [3] NCCL INFO [Proxy Service] Device 3 CPU core 21
alex-System-Product-Name:16083:16168 [0] NCCL INFO [Proxy Service UDS] Device 0 CPU core 17
alex-System-Product-Name:16083:16166 [0] NCCL INFO [Proxy Service] Device 0 CPU core 4
alex-System-Product-Name:16085:16165 [2] NCCL INFO [Proxy Service UDS] Device 2 CPU core 21
alex-System-Product-Name:16084:16163 [1] NCCL INFO [Proxy Service] Device 1 CPU core 26
alex-System-Product-Name:16086:16169 [3] NCCL INFO [Proxy Service UDS] Device 3 CPU core 31
alex-System-Product-Name:16084:16167 [1] NCCL INFO [Proxy Service UDS] Device 1 CPU core 29
alex-System-Product-Name:16084:16157 [1] NCCL INFO threadThresholds 8/8/64 | 32/8/64 | 512 | 512
alex-System-Product-Name:16084:16157 [1] NCCL INFO 4 coll channels, 4 collnet channels, 0 nvls channels, 4 p2p channels, 2 p2p channels per peer
alex-System-Product-Name:16086:16155 [3] NCCL INFO threadThresholds 8/8/64 | 32/8/64 | 512 | 512
alex-System-Product-Name:16086:16155 [3] NCCL INFO 4 coll channels, 4 collnet channels, 0 nvls channels, 4 p2p channels, 2 p2p channels per peer
alex-System-Product-Name:16083:16154 [0] NCCL INFO threadThresholds 8/8/64 | 32/8/64 | 512 | 512
alex-System-Product-Name:16083:16154 [0] NCCL INFO 4 coll channels, 4 collnet channels, 0 nvls channels, 4 p2p channels, 2 p2p channels per peer
alex-System-Product-Name:16083:16154 [0] NCCL INFO CC Off, workFifoBytes 1048576
alex-System-Product-Name:16085:16156 [2] NCCL INFO threadThresholds 8/8/64 | 32/8/64 | 512 | 512
alex-System-Product-Name:16085:16156 [2] NCCL INFO 4 coll channels, 4 collnet channels, 0 nvls channels, 4 p2p channels, 2 p2p channels per peer
alex-System-Product-Name:16085:16156 [2] NCCL INFO TUNER/Plugin: Could not find: libnccl-tuner.so. Using internal tuner plugin.
alex-System-Product-Name:16086:16155 [3] NCCL INFO TUNER/Plugin: Could not find: libnccl-tuner.so. Using internal tuner plugin.
alex-System-Product-Name:16084:16157 [1] NCCL INFO TUNER/Plugin: Could not find: libnccl-tuner.so. Using internal tuner plugin.
alex-System-Product-Name:16083:16154 [0] NCCL INFO TUNER/Plugin: Could not find: libnccl-tuner.so. Using internal tuner plugin.
alex-System-Product-Name:16085:16156 [2] NCCL INFO ncclCommInitRankConfig comm 0x6247b32eb1a0 rank 2 nranks 4 cudaDev 2 nvmlDev 2 busId 8000 commId 0x28f8c103ff35ad9c - Init COMPLETE
alex-System-Product-Name:16086:16155 [3] NCCL INFO ncclCommInitRankConfig comm 0x5ebff5b7bdc0 rank 3 nranks 4 cudaDev 3 nvmlDev 3 busId 9000 commId 0x28f8c103ff35ad9c - Init COMPLETE
alex-System-Product-Name:16084:16157 [1] NCCL INFO ncclCommInitRankConfig comm 0x58ad1660a470 rank 1 nranks 4 cudaDev 1 nvmlDev 1 busId 5000 commId 0x28f8c103ff35ad9c - Init COMPLETE
alex-System-Product-Name:16083:16154 [0] NCCL INFO ncclCommInitRankConfig comm 0x5ee7fa426800 rank 0 nranks 4 cudaDev 0 nvmlDev 0 busId 1000 commId 0x28f8c103ff35ad9c - Init COMPLETE
alex-System-Product-Name:16085:16156 [2] NCCL INFO Init timings - ncclCommInitRankConfig: rank 2 nranks 4 total 0.11 (kernels 0.08, alloc 0.00, bootstrap 0.00, allgathers 0.00, topo 0.02, graphs 0.00, connections 0.00, rest 0.00)
alex-System-Product-Name:16086:16155 [3] NCCL INFO Init timings - ncclCommInitRankConfig: rank 3 nranks 4 total 0.11 (kernels 0.07, alloc 0.00, bootstrap 0.01, allgathers 0.00, topo 0.02, graphs 0.00, connections 0.00, rest 0.00)
alex-System-Product-Name:16084:16157 [1] NCCL INFO Init timings - ncclCommInitRankConfig: rank 1 nranks 4 total 0.11 (kernels 0.07, alloc 0.00, bootstrap 0.02, allgathers 0.00, topo 0.02, graphs 0.00, connections 0.00, rest 0.00)
alex-System-Product-Name:16083:16154 [0] NCCL INFO Init timings - ncclCommInitRankConfig: rank 0 nranks 4 total 0.11 (kernels 0.07, alloc 0.00, bootstrap 0.02, allgathers 0.00, topo 0.02, graphs 0.00, connections 0.00, rest 0.00)
alex-System-Product-Name:16083:16170 [0] NCCL INFO Channel 01 : 0[0] -> 1[1] via SHM/direct/direct
alex-System-Product-Name:16083:16170 [0] NCCL INFO Channel 03 : 0[0] -> 1[1] via SHM/direct/direct
alex-System-Product-Name:16085:16171 [2] NCCL INFO Channel 00 : 2[2] -> 3[3] via SHM/direct/direct
alex-System-Product-Name:16085:16171 [2] NCCL INFO Channel 02 : 2[2] -> 3[3] via SHM/direct/direct
alex-System-Product-Name:16084:16173 [1] NCCL INFO Channel 01/0 : 1[1] -> 3[3] via P2P/CUMEM
alex-System-Product-Name:16083:16170 [0] NCCL INFO Channel 00/0 : 0[0] -> 2[2] via P2P/CUMEM
alex-System-Product-Name:16086:16172 [3] NCCL INFO Channel 00/0 : 3[3] -> 1[1] via P2P/CUMEM
alex-System-Product-Name:16084:16173 [1] NCCL INFO Channel 03/0 : 1[1] -> 3[3] via P2P/CUMEM
alex-System-Product-Name:16086:16172 [3] NCCL INFO Channel 02/0 : 3[3] -> 1[1] via P2P/CUMEM
alex-System-Product-Name:16083:16170 [0] NCCL INFO Channel 02/0 : 0[0] -> 2[2] via P2P/CUMEM
alex-System-Product-Name:16085:16171 [2] NCCL INFO Channel 01/0 : 2[2] -> 0[0] via P2P/CUMEM
alex-System-Product-Name:16085:16171 [2] NCCL INFO Channel 03/0 : 2[2] -> 0[0] via P2P/CUMEM
alex-System-Product-Name:16086:16172 [3] NCCL INFO Channel 01 : 3[3] -> 2[2] via SHM/direct/direct
alex-System-Product-Name:16084:16173 [1] NCCL INFO Channel 00 : 1[1] -> 0[0] via SHM/direct/direct
alex-System-Product-Name:16086:16172 [3] NCCL INFO Channel 03 : 3[3] -> 2[2] via SHM/direct/direct
alex-System-Product-Name:16084:16173 [1] NCCL INFO Channel 02 : 1[1] -> 0[0] via SHM/direct/direct
alex-System-Product-Name:16083:16170 [0] NCCL INFO Connected all rings, use ring PXN 0 GDR 1
alex-System-Product-Name:16084:16173 [1] NCCL INFO Connected all rings, use ring PXN 0 GDR 1
alex-System-Product-Name:16086:16172 [3] NCCL INFO Connected all rings, use ring PXN 0 GDR 1
alex-System-Product-Name:16085:16171 [2] NCCL INFO Connected all rings, use ring PXN 0 GDR 1
2025-07-10 20:28:13 [INFO    ] ğŸ”¸ root           : Total data: 40000 train, 10000 test rows
2025-07-10 20:28:13 [INFO    ] ğŸ”¸ root           : Total data: 40000 train, 10000 test rows
2025-07-10 20:28:13 [INFO    ] ğŸ”¸ root           : Total data: 40000 train, 10000 test rows
2025-07-10 20:28:13 [INFO    ] ğŸ”¸ numba.cuda.cudadrv.driver: init
2025-07-10 20:28:13 [INFO    ] ğŸ”¸ root           : Total data: 40000 train, 10000 test rows
2025-07-10 20:28:13 [INFO    ] ğŸ”¸ numba.cuda.cudadrv.driver: init
2025-07-10 20:28:13 [INFO    ] ğŸ”¸ numba.cuda.cudadrv.driver: init
2025-07-10 20:28:13 [INFO    ] ğŸ”¸ root           : Rank 2 heartbeat - waiting for adaptive training
2025-07-10 20:28:13 [INFO    ] ğŸ”¸ root           : Rank 1 heartbeat - waiting for adaptive training
2025-07-10 20:28:13 [INFO    ] ğŸ”¸ root           : Rank 3 heartbeat - waiting for adaptive training
2025-07-10 20:28:13 [INFO    ] ğŸ”¸ VISUALIZATION  : ğŸ¨ Visualization system initialized on port 5000
2025-07-10 20:28:13 [INFO    ] ğŸ”¸ VISUALIZATION  : ğŸŒ Dashboard server started at http://0.0.0.0:5000
2025-07-10 20:28:13 [INFO    ] ğŸ”¸ VISUALIZATION  : ğŸ”— View dashboard at: http://0.0.0.0:5000/trading_dashboard.html
2025-07-10 20:28:13 [INFO    ] ğŸ”¸ root           : ğŸŒ Real-time dashboard available at http://0.0.0.0:5000/trading_dashboard.html
2025-07-10 20:28:13 [INFO    ] ğŸ”¸ email_notifications: Email notifications configured for ali.aloraibi@outlook.com
2025-07-10 20:28:13 [INFO    ] ğŸ”¸ email_notifications: Notifications will be sent every 6 hours
2025-07-10 20:28:13 [INFO    ] ğŸ”¸ email_notifications: No training metrics available for progress update
2025-07-10 20:28:13 [INFO    ] ğŸ”¸ email_notifications: Training monitoring started
2025-07-10 20:28:13 [INFO    ] ğŸ”¸ root           : ğŸ“§ Email notifications enabled
2025-07-10 20:28:13 [INFO    ] ğŸ”¸ adaptive_trainer: Removed old TensorBoard run: ./runs/ga_experiment
2025-07-10 20:28:13 [INFO    ] ğŸ”¸ adaptive_trainer: Starting adaptive training
2025-07-10 20:28:13 [INFO    ] ğŸ”¸ adaptive_trainer: 
=== Adaptive Training Iteration 1/3 ===
2025-07-10 20:28:14 [INFO    ] ğŸ”¸ adaptive_trainer: Evaluation results: 1078 profits, total=0.0000
2025-07-10 20:28:14 [INFO    ] ğŸ”¸ adaptive_trainer: Metrics: CAGR=0.0000, Sharpe=-5.0000, MDD=0.0000
2025-07-10 20:28:14 [INFO    ] ğŸ”¸ adaptive_trainer: Current performance: -0.2500 (best: -0.2500)
2025-07-10 20:28:14 [INFO    ] ğŸ”¸ adaptive_trainer: Stagnation: 0, Poor performance: 0
2025-07-10 20:28:14 [INFO    ] ğŸ”¸ adaptive_trainer: Method: GA, Entropy: 1.9459
2025-07-10 20:28:14 [INFO    ] ğŸ”¸ adaptive_trainer: Switching to PPO due to: ga_solution_refinement
2025-07-10 20:28:14 [INFO    ] ğŸ”¸ adaptive_trainer: Switching from GA to PPO
2025-07-10 20:28:14 [INFO    ] ğŸ”¸ adaptive_trainer: Starting PPO phase: 150 updates
2025-07-10 20:28:14 [INFO    ] ğŸ”¸ policy_gradient_methods: No model file at models/ppo_models/adaptive_ppo_model.pth, starting from scratch
Removed old TensorBoard run: ./runs/ppo_rank_0
2025-07-10 20:28:15 [INFO    ] ğŸ”¸ adaptive_trainer: Evaluation results: 1336 profits, total=0.0000
2025-07-10 20:28:15 [INFO    ] ğŸ”¸ adaptive_trainer: Metrics: CAGR=0.0000, Sharpe=-5.0000, MDD=0.0000
2025-07-10 20:29:39 [INFO    ] ğŸ”¸ adaptive_trainer: Evaluation results: 1736 profits, total=0.0000                                                                                                                         
2025-07-10 20:29:39 [INFO    ] ğŸ”¸ adaptive_trainer: Metrics: CAGR=0.0000, Sharpe=-5.0000, MDD=0.0000
2025-07-10 20:29:39 [INFO    ] ğŸ”¸ adaptive_trainer: PPO Update 50: Performance=-0.2500, Entropy=1.9459
2025-07-10 20:29:39 [WARNING ] ğŸ”¸ adaptive_trainer: PPO early stopping due to lack of improvement (patience: 3)
2025-07-10 20:29:39 [INFO    ] ğŸ”¸ policy_gradient_methods: Saved model to models/ppo_models/adaptive_ppo_model.pth at 2025-07-10 20:29:39.903894
2025-07-10 20:29:41 [INFO    ] ğŸ”¸ adaptive_trainer: Evaluation results: 2327 profits, total=0.0000
2025-07-10 20:29:41 [INFO    ] ğŸ”¸ adaptive_trainer: Metrics: CAGR=0.0000, Sharpe=0.0000, MDD=0.0000
2025-07-10 20:29:41 [INFO    ] ğŸ”¸ adaptive_trainer: PPO phase completed with performance: 0.0000
2025-07-10 20:29:41 [INFO    ] ğŸ”¸ adaptive_trainer: 
=== Adaptive Training Iteration 2/3 ===
2025-07-10 20:29:42 [INFO    ] ğŸ”¸ adaptive_trainer: Evaluation results: 1612 profits, total=0.0000
2025-07-10 20:29:42 [INFO    ] ğŸ”¸ adaptive_trainer: Metrics: CAGR=0.0000, Sharpe=-5.0000, MDD=0.0000
2025-07-10 20:29:42 [INFO    ] ğŸ”¸ adaptive_trainer: Current performance: -0.2500 (best: -0.2500)
2025-07-10 20:29:42 [INFO    ] ğŸ”¸ adaptive_trainer: Stagnation: 1, Poor performance: 1
2025-07-10 20:29:42 [INFO    ] ğŸ”¸ adaptive_trainer: Method: PPO, Entropy: 1.9225
2025-07-10 20:29:42 [INFO    ] ğŸ”¸ adaptive_trainer: Switching to GA due to: exploration_phase
2025-07-10 20:29:42 [INFO    ] ğŸ”¸ adaptive_trainer: Switching from PPO to GA
2025-07-10 20:29:42 [INFO    ] ğŸ”¸ adaptive_trainer: Starting GA phase: 30 generations, population 30
[GA gens]:   0%|                                                                                 | 0/10 [00:00<?, ?it/s]Removed old TensorBoard run: ./runs/ga_experiment
[GA] No model file at models/ga_models/adaptive_ga_model.pth, starting from scratch                                     
[GA] Evaluated 5/15 individuals                                                                                         
[GA] Evaluated 10/15 individuals                                                                                        
[GA] Evaluated 15/15 individuals                                                                                        
[GA] Saved GA model to models/ga_models/adaptive_ga_model.pth                                                           
[GA] Evaluated 5/15 individuals                                                                                         
[GA] Evaluated 10/15 individuals                                                                                        
[GA] Evaluated 15/15 individuals                                                                                        
[GA] Saved GA model to models/ga_models/adaptive_ga_model.pth                                                           
[GA] Evaluated 5/15 individuals                                                                                         
[GA] Evaluated 10/15 individuals                                                                                        
[GA] Evaluated 15/15 individuals                                                                                        
[GA] Saved GA model to models/ga_models/adaptive_ga_model.pth                                                           
[GA] Evaluated 5/15 individuals                                                                                         
[GA] Evaluated 10/15 individuals                                                                                        
[GA] Evaluated 15/15 individuals                                                                                        
[GA] Saved GA model to models/ga_models/adaptive_ga_model.pth                                                           
[GA] Evaluated 5/15 individuals                                                                                         
[GA] Evaluated 10/15 individuals                                                                                        
[GA] Evaluated 15/15 individuals                                                                                        
[GA] Evaluated 5/15 individuals                                                                                         
[GA] Evaluated 10/15 individuals                                                                                        
[GA] Evaluated 15/15 individuals                                                                                        
[GA] Evaluated 5/15 individuals                                                                                         
[GA] Evaluated 10/15 individuals                                                                                        
[GA] Evaluated 15/15 individuals                                                                                        
[GA] Evaluated 5/15 individuals                                                                                         
[GA] Evaluated 10/15 individuals                                                                                        
[GA] Evaluated 15/15 individuals                                                                                        
[GA] Evaluated 5/15 individuals                                                                                         
[GA] Evaluated 10/15 individuals                                                                                        
[GA] Evaluated 15/15 individuals                                                                                        
[GA] Saved GA model to models/ga_models/adaptive_ga_model.pth                                                           
[GA] Evaluated 5/15 individuals                                                                                         
[GA] Evaluated 10/15 individuals                                                                                        
[GA] Evaluated 15/15 individuals                                                                                        
2025-07-10 20:30:37 [INFO    ] ğŸ”¸ adaptive_trainer: GA phase completed with fitness: 41.0446                            
2025-07-10 20:30:37 [INFO    ] ğŸ”¸ adaptive_trainer: 
=== Adaptive Training Iteration 3/3 ===
2025-07-10 20:30:38 [INFO    ] ğŸ”¸ adaptive_trainer: Evaluation results: 1530 profits, total=0.0000
2025-07-10 20:30:38 [INFO    ] ğŸ”¸ adaptive_trainer: Metrics: CAGR=0.0000, Sharpe=0.0000, MDD=0.0000
2025-07-10 20:30:38 [INFO    ] ğŸ”¸ adaptive_trainer: Current performance: 0.0000 (best: 0.0000)
2025-07-10 20:30:38 [INFO    ] ğŸ”¸ adaptive_trainer: Stagnation: 0, Poor performance: 0
2025-07-10 20:30:38 [INFO    ] ğŸ”¸ adaptive_trainer: Method: GA, Entropy: 0.8115
2025-07-10 20:30:38 [INFO    ] ğŸ”¸ adaptive_trainer: Switching to PPO due to: ga_solution_refinement
2025-07-10 20:30:38 [INFO    ] ğŸ”¸ adaptive_trainer: Switching from GA to PPO
2025-07-10 20:30:38 [INFO    ] ğŸ”¸ adaptive_trainer: Starting PPO phase: 150 updates
2025-07-10 20:30:38 [INFO    ] ğŸ”¸ policy_gradient_methods: Loaded model from models/ppo_models/adaptive_ppo_model.pth
2025-07-10 20:30:39 [INFO    ] ğŸ”¸ adaptive_trainer: Evaluation results: 2090 profits, total=0.0000
2025-07-10 20:30:39 [INFO    ] ğŸ”¸ adaptive_trainer: Metrics: CAGR=0.0000, Sharpe=-5.0000, MDD=0.0000
2025-07-10 20:31:58 [INFO    ] ğŸ”¸ adaptive_trainer: Evaluation results: 1795 profits, total=0.0000                                                                                                                         
2025-07-10 20:31:58 [INFO    ] ğŸ”¸ adaptive_trainer: Metrics: CAGR=0.0000, Sharpe=-5.0000, MDD=0.0000
2025-07-10 20:31:58 [INFO    ] ğŸ”¸ adaptive_trainer: PPO Update 50: Performance=-0.2500, Entropy=0.8479
2025-07-10 20:31:58 [WARNING ] ğŸ”¸ adaptive_trainer: PPO early stopping due to lack of improvement (patience: 3)
2025-07-10 20:31:58 [INFO    ] ğŸ”¸ policy_gradient_methods: Saved model to models/ppo_models/adaptive_ppo_model.pth at 2025-07-10 20:31:58.424966
2025-07-10 20:31:59 [INFO    ] ğŸ”¸ adaptive_trainer: Evaluation results: 1796 profits, total=0.0000
2025-07-10 20:31:59 [INFO    ] ğŸ”¸ adaptive_trainer: Metrics: CAGR=0.0000, Sharpe=-5.0000, MDD=0.0000
2025-07-10 20:31:59 [INFO    ] ğŸ”¸ adaptive_trainer: PPO phase completed with performance: -0.2500
2025-07-10 20:31:59 [INFO    ] ğŸ”¸ adaptive_trainer: Adaptive training completed
[GA] Loaded GA model from models/ga_models/adaptive_ga_model.pth
2025-07-10 20:32:00 [INFO    ] ğŸ”¸ adaptive_trainer: Evaluation results: 1225 profits, total=0.0000
2025-07-10 20:32:00 [INFO    ] ğŸ”¸ adaptive_trainer: Metrics: CAGR=0.0000, Sharpe=0.0000, MDD=0.0000
2025-07-10 20:32:00 [INFO    ] ğŸ”¸ policy_gradient_methods: Loaded model from models/ppo_models/adaptive_ppo_model.pth
2025-07-10 20:32:01 [INFO    ] ğŸ”¸ adaptive_trainer: Evaluation results: 1955 profits, total=0.0000
2025-07-10 20:32:01 [INFO    ] ğŸ”¸ adaptive_trainer: Metrics: CAGR=0.0000, Sharpe=-5.0000, MDD=0.0000
2025-07-10 20:32:01 [INFO    ] ğŸ”¸ adaptive_trainer: Best agent: GA (performance: 0.0000)
2025-07-10 20:32:01 [INFO    ] ğŸ”¸ root           : === Adaptive Training Summary ===
2025-07-10 20:32:01 [INFO    ] ğŸ”¸ root           : Iteration 1: GA -> Performance: -0.2500, Switch: ga_to_ppo
2025-07-10 20:32:01 [INFO    ] ğŸ”¸ root           : Iteration 2: PPO -> Performance: -0.2500, Switch: ppo_to_ga
2025-07-10 20:32:01 [INFO    ] ğŸ”¸ root           : Iteration 3: GA -> Performance: 0.0000, Switch: ga_to_ppo
[GA] Saved GA model to models/best_adaptive_model.pth
2025-07-10 20:32:01 [INFO    ] ğŸ”¸ root           : Model saved to models/best_adaptive_model.pth with backup
2025-07-10 20:32:02 [INFO    ] ğŸ”¸ root           : Final Best Agent â†’ CAGR: 0.0000, Sharpe: -5.0000, MDD: 0.0000
2025-07-10 20:32:02 [INFO    ] ğŸ”¸ root           : Training completion flag created
2025-07-10 20:32:03 [INFO    ] ğŸ”¸ root           : Rank 2 detected training completion
2025-07-10 20:32:03 [INFO    ] ğŸ”¸ root           : Rank 1 detected training completion
2025-07-10 20:32:03 [INFO    ] ğŸ”¸ root           : Rank 3 detected training completion
alex-System-Product-Name:16083:17625 [0] NCCL INFO comm 0x5ee7fa426800 rank 0 nranks 4 cudaDev 0 busId 1000 - Destroy COMPLETE
alex-System-Product-Name:16085:17626 [2] NCCL INFO comm 0x6247b32eb1a0 rank 2 nranks 4 cudaDev 2 busId 8000 - Destroy COMPLETE
alex-System-Product-Name:16086:17624 [3] NCCL INFO comm 0x5ebff5b7bdc0 rank 3 nranks 4 cudaDev 3 busId 9000 - Destroy COMPLETE
alex-System-Product-Name:16084:17627 [1] NCCL INFO comm 0x58ad1660a470 rank 1 nranks 4 cudaDev 1 busId 5000 - Destroy COMPLETE
(GeneticTrading) alex@alex-System-Product-Name:/mnt/windows/GeneticTrading$ 
