alex-System-Product-Name:8346:8418 [2] NCCL INFO PROFILER/Plugin: Could not find: libnccl-profiler.so. 
alex-System-Product-Name:8346:8418 [2] NCCL INFO Using network Socket
alex-System-Product-Name:8346:8418 [2] NCCL INFO ncclCommInitRankConfig comm 0x6538b00e88f0 rank 2 nranks 4 cudaDev 2 nvmlDev 2 busId 8000 commId 0xb5ea65e8b20fef2d - Init START
alex-System-Product-Name:8345:8415 [1] NCCL INFO NET/Plugin: Could not find: libnccl-net.so. Using internal net plugin.
alex-System-Product-Name:8345:8415 [1] NCCL INFO NET/IB : No device found.
alex-System-Product-Name:8345:8415 [1] NCCL INFO NET/IB : Using [RO]; OOB wlp0s20f3:192.168.0.129<0>
alex-System-Product-Name:8345:8415 [1] NCCL INFO NET/Socket : Using [0]wlp0s20f3:192.168.0.129<0> [1]br-447583e7b32a:172.18.0.1<0> [2]br-81374c9c6e9c:172.19.0.1<0> [3]br-aaa630fe606a:172.20.0.1<0> [4]br-bc0f5ef31d4f:192.168.128.1<0>
alex-System-Product-Name:8345:8415 [1] NCCL INFO PROFILER/Plugin: Could not find: libnccl-profiler.so. 
alex-System-Product-Name:8345:8415 [1] NCCL INFO Using network Socket
alex-System-Product-Name:8345:8415 [1] NCCL INFO ncclCommInitRankConfig comm 0x556767f2af90 rank 1 nranks 4 cudaDev 1 nvmlDev 1 busId 5000 commId 0xb5ea65e8b20fef2d - Init START
alex-System-Product-Name:8345:8415 [1] NCCL INFO RAS client listening socket at 127.0.0.1<28028>
2025-07-10 19:48:26 [INFO    ] ğŸ”¸ SESSION        : ================================================================================
2025-07-10 19:48:26 [INFO    ] ğŸ”¸ SESSION        : ğŸ¯ Revolutionary NQ Futures Trading System
2025-07-10 19:48:26 [INFO    ] ğŸ”¸ SESSION        : ğŸ“Š Session started at 2025-07-10 19:48:26.646294
2025-07-10 19:48:26 [INFO    ] ğŸ”¸ SESSION        : ğŸ’» Process rank: 3
2025-07-10 19:48:26 [INFO    ] ğŸ”¸ SESSION        : ğŸ“ Log file: logs/trading_system_rank_3.log
2025-07-10 19:48:26 [INFO    ] ğŸ”¸ SESSION        : ================================================================================
2025-07-10 19:48:26 [INFO    ] ğŸ”¸ root           : Rank 3/4 starting on cuda:3 (has_cudf=True)
2025-07-10 19:48:26 [INFO    ] ğŸ”¸ root           : Data loading parameters: max_rows=50000, data_percentage=1.0
alex-System-Product-Name:8347:8347 [3] NCCL INFO cudaDriverVersion 12020
alex-System-Product-Name:8347:8347 [3] NCCL INFO Bootstrap: Using wlp0s20f3:192.168.0.129<0>
alex-System-Product-Name:8347:8347 [3] NCCL INFO NCCL version 2.26.2+cuda12.2
alex-System-Product-Name:8347:8347 [3] NCCL INFO Comm config Blocking set to 1
alex-System-Product-Name:8347:8425 [3] NCCL INFO NET/Plugin: Could not find: libnccl-net.so. Using internal net plugin.
alex-System-Product-Name:8347:8425 [3] NCCL INFO NET/IB : No device found.
alex-System-Product-Name:8347:8425 [3] NCCL INFO NET/IB : Using [RO]; OOB wlp0s20f3:192.168.0.129<0>
alex-System-Product-Name:8347:8425 [3] NCCL INFO NET/Socket : Using [0]wlp0s20f3:192.168.0.129<0> [1]br-447583e7b32a:172.18.0.1<0> [2]br-81374c9c6e9c:172.19.0.1<0> [3]br-aaa630fe606a:172.20.0.1<0> [4]br-bc0f5ef31d4f:192.168.128.1<0>
alex-System-Product-Name:8347:8425 [3] NCCL INFO PROFILER/Plugin: Could not find: libnccl-profiler.so. 
alex-System-Product-Name:8347:8425 [3] NCCL INFO Using network Socket
alex-System-Product-Name:8347:8425 [3] NCCL INFO ncclCommInitRankConfig comm 0x5fa55c1c84a0 rank 3 nranks 4 cudaDev 3 nvmlDev 3 busId 9000 commId 0xb5ea65e8b20fef2d - Init START
alex-System-Product-Name:8347:8425 [3] NCCL INFO RAS client listening socket at 127.0.0.1<28028>
alex-System-Product-Name:8346:8418 [2] NCCL INFO RAS client listening socket at 127.0.0.1<28028>
alex-System-Product-Name:8344:8408 [0] NCCL INFO RAS client listening socket at 127.0.0.1<28028>
alex-System-Product-Name:8347:8425 [3] NCCL INFO Bootstrap timings total 0.019159 (create 0.000018, send 0.000084, recv 0.000123, ring 0.018770, delay 0.000000)
alex-System-Product-Name:8346:8418 [2] NCCL INFO Bootstrap timings total 0.216711 (create 0.000025, send 0.000107, recv 0.197617, ring 0.018770, delay 0.000000)
alex-System-Product-Name:8345:8415 [1] NCCL INFO Bootstrap timings total 0.205831 (create 0.000019, send 0.000070, recv 0.000107, ring 0.205437, delay 0.000000)
alex-System-Product-Name:8344:8408 [0] NCCL INFO Bootstrap timings total 0.419146 (create 0.000025, send 0.000110, recv 0.213374, ring 0.001454, delay 0.000000)
alex-System-Product-Name:8347:8425 [3] NCCL INFO NVLS multicast support is not available on dev 3
alex-System-Product-Name:8346:8418 [2] NCCL INFO NVLS multicast support is not available on dev 2
alex-System-Product-Name:8344:8408 [0] NCCL INFO NVLS multicast support is not available on dev 0
alex-System-Product-Name:8345:8415 [1] NCCL INFO NVLS multicast support is not available on dev 1
alex-System-Product-Name:8344:8408 [0] NCCL INFO comm 0x5954d7fc2060 rank 0 nRanks 4 nNodes 1 localRanks 4 localRank 0 MNNVL 0
alex-System-Product-Name:8347:8425 [3] NCCL INFO comm 0x5fa55c1c84a0 rank 3 nRanks 4 nNodes 1 localRanks 4 localRank 3 MNNVL 0
alex-System-Product-Name:8344:8408 [0] NCCL INFO Channel 00/04 : 0 2 3 1
alex-System-Product-Name:8345:8415 [1] NCCL INFO comm 0x556767f2af90 rank 1 nRanks 4 nNodes 1 localRanks 4 localRank 1 MNNVL 0
alex-System-Product-Name:8344:8408 [0] NCCL INFO Channel 01/04 : 0 1 3 2
alex-System-Product-Name:8344:8408 [0] NCCL INFO Channel 02/04 : 0 2 3 1
alex-System-Product-Name:8346:8418 [2] NCCL INFO comm 0x6538b00e88f0 rank 2 nRanks 4 nNodes 1 localRanks 4 localRank 2 MNNVL 0
alex-System-Product-Name:8346:8418 [2] NCCL INFO Trees [0] 3/-1/-1->2->1 [1] -1/-1/-1->2->0 [2] 3/-1/-1->2->1 [3] -1/-1/-1->2->0
alex-System-Product-Name:8346:8418 [2] NCCL INFO P2P Chunksize set to 131072
alex-System-Product-Name:8346:8430 [2] NCCL INFO [Proxy Service UDS] Device 2 CPU core 0
alex-System-Product-Name:8346:8429 [2] NCCL INFO [Proxy Service] Device 2 CPU core 10
alex-System-Product-Name:8347:8425 [3] NCCL INFO Trees [0] -1/-1/-1->3->2 [1] 0/-1/-1->3->1 [2] -1/-1/-1->3->2 [3] 0/-1/-1->3->1
alex-System-Product-Name:8347:8425 [3] NCCL INFO P2P Chunksize set to 131072
alex-System-Product-Name:8347:8431 [3] NCCL INFO [Proxy Service] Device 3 CPU core 12
alex-System-Product-Name:8347:8432 [3] NCCL INFO [Proxy Service UDS] Device 3 CPU core 4
alex-System-Product-Name:8344:8408 [0] NCCL INFO Channel 03/04 : 0 1 3 2
alex-System-Product-Name:8344:8408 [0] NCCL INFO Trees [0] 1/-1/-1->0->-1 [1] 2/-1/-1->0->3 [2] 1/-1/-1->0->-1 [3] 2/-1/-1->0->3
alex-System-Product-Name:8344:8408 [0] NCCL INFO P2P Chunksize set to 131072
alex-System-Product-Name:8344:8408 [0] NCCL INFO Check P2P Type intraNodeP2pSupport 0 directMode 0
alex-System-Product-Name:8346:8418 [2] NCCL INFO threadThresholds 8/8/64 | 32/8/64 | 512 | 512
alex-System-Product-Name:8346:8418 [2] NCCL INFO 4 coll channels, 4 collnet channels, 0 nvls channels, 4 p2p channels, 2 p2p channels per peer
alex-System-Product-Name:8344:8433 [0] NCCL INFO [Proxy Service] Device 0 CPU core 4
alex-System-Product-Name:8347:8425 [3] NCCL INFO threadThresholds 8/8/64 | 32/8/64 | 512 | 512
alex-System-Product-Name:8347:8425 [3] NCCL INFO 4 coll channels, 4 collnet channels, 0 nvls channels, 4 p2p channels, 2 p2p channels per peer
alex-System-Product-Name:8344:8434 [0] NCCL INFO [Proxy Service UDS] Device 0 CPU core 14
alex-System-Product-Name:8344:8408 [0] NCCL INFO threadThresholds 8/8/64 | 32/8/64 | 512 | 512
alex-System-Product-Name:8344:8408 [0] NCCL INFO 4 coll channels, 4 collnet channels, 0 nvls channels, 4 p2p channels, 2 p2p channels per peer
alex-System-Product-Name:8344:8408 [0] NCCL INFO CC Off, workFifoBytes 1048576
alex-System-Product-Name:8345:8415 [1] NCCL INFO Trees [0] 2/-1/-1->1->0 [1] 3/-1/-1->1->-1 [2] 2/-1/-1->1->0 [3] 3/-1/-1->1->-1
alex-System-Product-Name:8345:8415 [1] NCCL INFO P2P Chunksize set to 131072
alex-System-Product-Name:8345:8435 [1] NCCL INFO [Proxy Service] Device 1 CPU core 14
alex-System-Product-Name:8345:8415 [1] NCCL INFO threadThresholds 8/8/64 | 32/8/64 | 512 | 512
alex-System-Product-Name:8345:8415 [1] NCCL INFO 4 coll channels, 4 collnet channels, 0 nvls channels, 4 p2p channels, 2 p2p channels per peer
alex-System-Product-Name:8345:8436 [1] NCCL INFO [Proxy Service UDS] Device 1 CPU core 12
alex-System-Product-Name:8347:8425 [3] NCCL INFO TUNER/Plugin: Could not find: libnccl-tuner.so. Using internal tuner plugin.
alex-System-Product-Name:8347:8425 [3] NCCL INFO ncclCommInitRankConfig comm 0x5fa55c1c84a0 rank 3 nranks 4 cudaDev 3 nvmlDev 3 busId 9000 commId 0xb5ea65e8b20fef2d - Init COMPLETE
alex-System-Product-Name:8347:8425 [3] NCCL INFO Init timings - ncclCommInitRankConfig: rank 3 nranks 4 total 0.15 (kernels 0.10, alloc 0.00, bootstrap 0.02, allgathers 0.00, topo 0.02, graphs 0.00, connections 0.00, rest 0.00)
alex-System-Product-Name:8344:8408 [0] NCCL INFO TUNER/Plugin: Could not find: libnccl-tuner.so. Using internal tuner plugin.
alex-System-Product-Name:8345:8415 [1] NCCL INFO TUNER/Plugin: Could not find: libnccl-tuner.so. Using internal tuner plugin.
alex-System-Product-Name:8344:8408 [0] NCCL INFO ncclCommInitRankConfig comm 0x5954d7fc2060 rank 0 nranks 4 cudaDev 0 nvmlDev 0 busId 1000 commId 0xb5ea65e8b20fef2d - Init COMPLETE
alex-System-Product-Name:8346:8418 [2] NCCL INFO TUNER/Plugin: Could not find: libnccl-tuner.so. Using internal tuner plugin.
alex-System-Product-Name:8345:8415 [1] NCCL INFO ncclCommInitRankConfig comm 0x556767f2af90 rank 1 nranks 4 cudaDev 1 nvmlDev 1 busId 5000 commId 0xb5ea65e8b20fef2d - Init COMPLETE
alex-System-Product-Name:8344:8408 [0] NCCL INFO Init timings - ncclCommInitRankConfig: rank 0 nranks 4 total 0.66 (kernels 0.21, alloc 0.00, bootstrap 0.42, allgathers 0.00, topo 0.02, graphs 0.00, connections 0.00, rest 0.00)
alex-System-Product-Name:8346:8418 [2] NCCL INFO ncclCommInitRankConfig comm 0x6538b00e88f0 rank 2 nranks 4 cudaDev 2 nvmlDev 2 busId 8000 commId 0xb5ea65e8b20fef2d - Init COMPLETE
alex-System-Product-Name:8345:8415 [1] NCCL INFO Init timings - ncclCommInitRankConfig: rank 1 nranks 4 total 0.38 (kernels 0.14, alloc 0.00, bootstrap 0.21, allgathers 0.00, topo 0.02, graphs 0.00, connections 0.00, rest 0.00)
alex-System-Product-Name:8346:8418 [2] NCCL INFO Init timings - ncclCommInitRankConfig: rank 2 nranks 4 total 0.36 (kernels 0.11, alloc 0.01, bootstrap 0.22, allgathers 0.00, topo 0.02, graphs 0.00, connections 0.00, rest 0.00)
alex-System-Product-Name:8344:8439 [0] NCCL INFO Channel 01 : 0[0] -> 1[1] via SHM/direct/direct
alex-System-Product-Name:8346:8440 [2] NCCL INFO Channel 00 : 2[2] -> 3[3] via SHM/direct/direct
alex-System-Product-Name:8344:8439 [0] NCCL INFO Channel 03 : 0[0] -> 1[1] via SHM/direct/direct
alex-System-Product-Name:8346:8440 [2] NCCL INFO Channel 02 : 2[2] -> 3[3] via SHM/direct/direct
alex-System-Product-Name:8347:8438 [3] NCCL INFO Channel 00/0 : 3[3] -> 1[1] via P2P/CUMEM
alex-System-Product-Name:8347:8438 [3] NCCL INFO Channel 02/0 : 3[3] -> 1[1] via P2P/CUMEM
alex-System-Product-Name:8346:8440 [2] NCCL INFO Channel 01/0 : 2[2] -> 0[0] via P2P/CUMEM
alex-System-Product-Name:8346:8440 [2] NCCL INFO Channel 03/0 : 2[2] -> 0[0] via P2P/CUMEM
alex-System-Product-Name:8345:8437 [1] NCCL INFO Channel 01/0 : 1[1] -> 3[3] via P2P/CUMEM
alex-System-Product-Name:8344:8439 [0] NCCL INFO Channel 00/0 : 0[0] -> 2[2] via P2P/CUMEM
alex-System-Product-Name:8345:8437 [1] NCCL INFO Channel 03/0 : 1[1] -> 3[3] via P2P/CUMEM
alex-System-Product-Name:8345:8437 [1] NCCL INFO Channel 00 : 1[1] -> 0[0] via SHM/direct/direct
alex-System-Product-Name:8345:8437 [1] NCCL INFO Channel 02 : 1[1] -> 0[0] via SHM/direct/direct
alex-System-Product-Name:8344:8439 [0] NCCL INFO Channel 02/0 : 0[0] -> 2[2] via P2P/CUMEM
alex-System-Product-Name:8347:8438 [3] NCCL INFO Channel 01 : 3[3] -> 2[2] via SHM/direct/direct
alex-System-Product-Name:8347:8438 [3] NCCL INFO Channel 03 : 3[3] -> 2[2] via SHM/direct/direct
alex-System-Product-Name:8344:8439 [0] NCCL INFO Connected all rings, use ring PXN 0 GDR 1
alex-System-Product-Name:8345:8437 [1] NCCL INFO Connected all rings, use ring PXN 0 GDR 1
alex-System-Product-Name:8347:8438 [3] NCCL INFO Connected all rings, use ring PXN 0 GDR 1
alex-System-Product-Name:8346:8440 [2] NCCL INFO Connected all rings, use ring PXN 0 GDR 1
2025-07-10 19:48:27 [INFO    ] ğŸ”¸ root           : Total data: 4311800 train, 1077950 test rows
2025-07-10 19:48:27 [INFO    ] ğŸ”¸ root           : Total data: 4311800 train, 1077950 test rows
2025-07-10 19:48:27 [INFO    ] ğŸ”¸ root           : Total data: 4311800 train, 1077950 test rows
2025-07-10 19:48:27 [INFO    ] ğŸ”¸ root           : Rank 3: Sampled 100000 train rows from 4311800 total
2025-07-10 19:48:27 [INFO    ] ğŸ”¸ root           : Rank 1: Sampled 100000 train rows from 4311800 total
2025-07-10 19:48:27 [INFO    ] ğŸ”¸ root           : Rank 3: Sampled 20000 test rows from 1077950 total
2025-07-10 19:48:27 [INFO    ] ğŸ”¸ numba.cuda.cudadrv.driver: init
2025-07-10 19:48:27 [INFO    ] ğŸ”¸ root           : Rank 1: Sampled 20000 test rows from 1077950 total
2025-07-10 19:48:27 [INFO    ] ğŸ”¸ numba.cuda.cudadrv.driver: init
2025-07-10 19:48:27 [INFO    ] ğŸ”¸ root           : Rank 0: Sampled 100000 train rows from 4311800 total
2025-07-10 19:48:27 [INFO    ] ğŸ”¸ root           : Rank 0: Sampled 20000 test rows from 1077950 total
2025-07-10 19:48:27 [INFO    ] ğŸ”¸ numba.cuda.cudadrv.driver: init
2025-07-10 19:48:27 [INFO    ] ğŸ”¸ root           : Total data: 4311800 train, 1077950 test rows
2025-07-10 19:48:27 [INFO    ] ğŸ”¸ root           : Rank 2: Sampled 100000 train rows from 4311800 total
2025-07-10 19:48:27 [INFO    ] ğŸ”¸ root           : Rank 2: Sampled 20000 test rows from 1077950 total
2025-07-10 19:48:27 [INFO    ] ğŸ”¸ numba.cuda.cudadrv.driver: init
2025-07-10 19:48:29 [INFO    ] ğŸ”¸ root           : Rank 3 heartbeat - waiting for adaptive training
2025-07-10 19:48:29 [INFO    ] ğŸ”¸ root           : Rank 1 heartbeat - waiting for adaptive training
2025-07-10 19:48:29 [INFO    ] ğŸ”¸ root           : Rank 2 heartbeat - waiting for adaptive training
2025-07-10 19:48:29 [INFO    ] ğŸ”¸ VISUALIZATION  : ğŸ¨ Visualization system initialized on port 5000
2025-07-10 19:48:29 [INFO    ] ğŸ”¸ VISUALIZATION  : ğŸŒ Dashboard server started at http://0.0.0.0:5000
2025-07-10 19:48:29 [INFO    ] ğŸ”¸ VISUALIZATION  : ğŸ”— View dashboard at: http://0.0.0.0:5000/trading_dashboard.html
2025-07-10 19:48:29 [INFO    ] ğŸ”¸ root           : ğŸŒ Real-time dashboard available at http://0.0.0.0:5000/trading_dashboard.html
2025-07-10 19:48:29 [INFO    ] ğŸ”¸ email_notifications: Email notifications configured for ali.aloraibi@outlook.com
2025-07-10 19:48:29 [INFO    ] ğŸ”¸ email_notifications: Notifications will be sent every 6 hours
2025-07-10 19:48:29 [INFO    ] ğŸ”¸ email_notifications: No training metrics available for progress update
2025-07-10 19:48:29 [INFO    ] ğŸ”¸ email_notifications: Training monitoring started
2025-07-10 19:48:29 [INFO    ] ğŸ”¸ root           : ğŸ“§ Email notifications enabled
2025-07-10 19:48:29 [INFO    ] ğŸ”¸ adaptive_trainer: Removed old TensorBoard run: ./runs/ga_experiment
2025-07-10 19:48:29 [INFO    ] ğŸ”¸ adaptive_trainer: Starting adaptive training
2025-07-10 19:48:29 [INFO    ] ğŸ”¸ adaptive_trainer: 
=== Adaptive Training Iteration 1/5 ===
2025-07-10 19:48:38 [INFO    ] ğŸ”¸ adaptive_trainer: Evaluation results: 11501 profits, total=0.0000
2025-07-10 19:48:38 [INFO    ] ğŸ”¸ adaptive_trainer: Metrics: CAGR=0.0000, Sharpe=-5.0000, MDD=0.0000
2025-07-10 19:48:38 [INFO    ] ğŸ”¸ adaptive_trainer: Current performance: -0.2500 (best: -0.2500)
2025-07-10 19:48:38 [INFO    ] ğŸ”¸ adaptive_trainer: Stagnation: 0, Poor performance: 0
2025-07-10 19:48:38 [INFO    ] ğŸ”¸ adaptive_trainer: Method: GA, Entropy: 1.9459
2025-07-10 19:48:38 [INFO    ] ğŸ”¸ adaptive_trainer: Switching to PPO due to: ga_solution_refinement
2025-07-10 19:48:38 [INFO    ] ğŸ”¸ adaptive_trainer: Switching from GA to PPO
2025-07-10 19:48:38 [INFO    ] ğŸ”¸ adaptive_trainer: Starting PPO phase: 150 updates
2025-07-10 19:48:38 [INFO    ] ğŸ”¸ policy_gradient_methods: No model file at models/ppo_models/adaptive_ppo_model.pth, starting from scratch
Removed old TensorBoard run: ./runs/ppo_rank_0
2025-07-10 19:48:49 [INFO    ] ğŸ”¸ adaptive_trainer: Evaluation results: 15214 profits, total=0.0000
2025-07-10 19:48:49 [INFO    ] ğŸ”¸ adaptive_trainer: Metrics: CAGR=0.0000, Sharpe=-5.0000, MDD=0.0000
2025-07-10 19:50:06 [INFO    ] ğŸ”¸ adaptive_trainer: Evaluation results: 1772 profits, total=0.0000                                                                                                                         
2025-07-10 19:50:06 [INFO    ] ğŸ”¸ adaptive_trainer: Metrics: CAGR=0.0000, Sharpe=0.0000, MDD=0.0000
2025-07-10 19:50:06 [INFO    ] ğŸ”¸ adaptive_trainer: PPO Update 50: Performance=0.0000, Entropy=1.9459
2025-07-10 19:51:40 [INFO    ] ğŸ”¸ adaptive_trainer: Evaluation results: 18050 profits, total=0.0000                                                                                                                        
2025-07-10 19:51:40 [INFO    ] ğŸ”¸ adaptive_trainer: Metrics: CAGR=0.0000, Sharpe=-5.0000, MDD=0.0000
2025-07-10 19:51:40 [INFO    ] ğŸ”¸ adaptive_trainer: PPO Update 100: Performance=-0.2500, Entropy=1.9459
2025-07-10 19:51:40 [WARNING ] ğŸ”¸ adaptive_trainer: PPO early stopping due to lack of improvement (patience: 3)
2025-07-10 19:51:40 [INFO    ] ğŸ”¸ policy_gradient_methods: Saved model to models/ppo_models/adaptive_ppo_model.pth at 2025-07-10 19:51:40.374579
2025-07-10 19:51:46 [INFO    ] ğŸ”¸ adaptive_trainer: Evaluation results: 9857 profits, total=0.0000
2025-07-10 19:51:46 [INFO    ] ğŸ”¸ adaptive_trainer: Metrics: CAGR=0.0000, Sharpe=-5.0000, MDD=0.0000
2025-07-10 19:51:46 [INFO    ] ğŸ”¸ adaptive_trainer: PPO phase completed with performance: -0.2500
2025-07-10 19:51:46 [INFO    ] ğŸ”¸ adaptive_trainer: 
=== Adaptive Training Iteration 2/5 ===
2025-07-10 19:51:57 [INFO    ] ğŸ”¸ adaptive_trainer: Evaluation results: 15976 profits, total=0.0000
2025-07-10 19:51:57 [INFO    ] ğŸ”¸ adaptive_trainer: Metrics: CAGR=0.0000, Sharpe=-5.0000, MDD=0.0000
2025-07-10 19:51:57 [INFO    ] ğŸ”¸ adaptive_trainer: Current performance: -0.2500 (best: -0.2500)
2025-07-10 19:51:57 [INFO    ] ğŸ”¸ adaptive_trainer: Stagnation: 1, Poor performance: 1
2025-07-10 19:51:57 [INFO    ] ğŸ”¸ adaptive_trainer: Method: PPO, Entropy: 1.8562
2025-07-10 19:51:57 [INFO    ] ğŸ”¸ adaptive_trainer: Switching to GA due to: exploration_phase
2025-07-10 19:51:57 [INFO    ] ğŸ”¸ adaptive_trainer: Switching from PPO to GA
2025-07-10 19:51:57 [INFO    ] ğŸ”¸ adaptive_trainer: Starting GA phase: 30 generations, population 30
[GA] No model file at models/ga_models/adaptive_ga_model.pth, starting from scratch                                     
[GA gens]:   0%|                                                                                 | 0/10 [00:00<?, ?it/s]2025-07-10 19:53:29 [INFO    ] ğŸ”¸ root           : Rank 1 heartbeat - waiting for adaptive training
2025-07-10 19:53:29 [INFO    ] ğŸ”¸ root           : Rank 3 heartbeat - waiting for adaptive training
2025-07-10 19:53:29 [INFO    ] ğŸ”¸ root           : Rank 2 heartbeat - waiting for adaptive training

