(GeneticTrading) alex@alex-System-Product-Name:/mnt/windows/GeneticTrading$ torchrun --nproc_per_node=4 --nnodes=1 --node_rank=0 --master_addr=127.0.0.1 --master_port=12355 main.py --data-percentage 1.0 --max-rows 0 --adaptive-iterations 50 --log-level INFO --training-mode adaptive
W0710 20:50:20.349000 20636 site-packages/torch/distributed/run.py:766] 
W0710 20:50:20.349000 20636 site-packages/torch/distributed/run.py:766] *****************************************
W0710 20:50:20.349000 20636 site-packages/torch/distributed/run.py:766] Setting OMP_NUM_THREADS environment variable for each process to be 1 in default, to avoid your system being overloaded, please further tune the variable for optimal performance in your application as needed. 
W0710 20:50:20.349000 20636 site-packages/torch/distributed/run.py:766] *****************************************
2025-07-10 20:50:22 [INFO    ] 🔸 SESSION        : ================================================================================
2025-07-10 20:50:22 [INFO    ] 🔸 SESSION        : 🎯 Revolutionary NQ Futures Trading System
2025-07-10 20:50:22 [INFO    ] 🔸 SESSION        : 📊 Session started at 2025-07-10 20:50:22.571960
2025-07-10 20:50:22 [INFO    ] 🔸 SESSION        : 💻 Process rank: 0
2025-07-10 20:50:22 [INFO    ] 🔸 SESSION        : 📁 Log file: logs/trading_system_rank_0.log
2025-07-10 20:50:22 [INFO    ] 🔸 SESSION        : ================================================================================
2025-07-10 20:50:22 [INFO    ] 🔸 MAIN           : 🚀 Revolutionary Trading System Started
2025-07-10 20:50:22 [INFO    ] 🔸 MAIN           : NCCL_TIMEOUT = 1800000 ms
2025-07-10 20:50:22 [INFO    ] 🔸 MAIN           : Using 100.0% of available data
2025-07-10 20:50:22 [INFO    ] 🔸 MAIN           : Models directory: ./models
2025-07-10 20:50:22 [INFO    ] 🔸 MAIN           : Training mode: adaptive
2025-07-10 20:50:22 [INFO    ] 🔸 MAIN           : Device configuration: cuda:0
2025-07-10 20:50:22 [INFO    ] 🔸 MAIN           : World size: 4, Local rank: 0
2025-07-10 20:50:22 [INFO    ] 🔸 root           : Rank 0/4 starting on cuda:0 (has_cudf=True)
2025-07-10 20:50:22 [INFO    ] 🔸 root           : Data loading parameters: max_rows=None, data_percentage=1.0
2025-07-10 20:50:22 [INFO    ] 🔸 root           : No row limit specified, using 1M row chunks for memory efficiency
2025-07-10 20:50:22 [INFO    ] 🔸 root           : Parquet cache found; skipping preprocessing.
alex-System-Product-Name:20670:20670 [0] NCCL INFO Bootstrap: Using wlp0s20f3:192.168.0.129<0>
alex-System-Product-Name:20670:20670 [0] NCCL INFO cudaDriverVersion 12020
alex-System-Product-Name:20670:20670 [0] NCCL INFO NCCL version 2.26.2+cuda12.2
alex-System-Product-Name:20670:20670 [0] NCCL INFO Comm config Blocking set to 1
2025-07-10 20:50:22 [INFO    ] 🔸 SESSION        : ================================================================================
2025-07-10 20:50:22 [INFO    ] 🔸 SESSION        : 🎯 Revolutionary NQ Futures Trading System
2025-07-10 20:50:22 [INFO    ] 🔸 SESSION        : 📊 Session started at 2025-07-10 20:50:22.716016
2025-07-10 20:50:22 [INFO    ] 🔸 SESSION        : 💻 Process rank: 1
2025-07-10 20:50:22 [INFO    ] 🔸 SESSION        : 📁 Log file: logs/trading_system_rank_1.log
2025-07-10 20:50:22 [INFO    ] 🔸 SESSION        : ================================================================================
2025-07-10 20:50:22 [INFO    ] 🔸 root           : Rank 1/4 starting on cuda:1 (has_cudf=True)
2025-07-10 20:50:22 [INFO    ] 🔸 root           : Data loading parameters: max_rows=None, data_percentage=1.0
2025-07-10 20:50:22 [INFO    ] 🔸 root           : No row limit specified, using 1M row chunks for memory efficiency
alex-System-Product-Name:20670:20722 [0] NCCL INFO NET/Plugin: Could not find: libnccl-net.so. Using internal net plugin.
alex-System-Product-Name:20670:20722 [0] NCCL INFO NET/IB : No device found.
alex-System-Product-Name:20670:20722 [0] NCCL INFO NET/IB : Using [RO]; OOB wlp0s20f3:192.168.0.129<0>
alex-System-Product-Name:20670:20722 [0] NCCL INFO NET/Socket : Using [0]wlp0s20f3:192.168.0.129<0> [1]br-447583e7b32a:172.18.0.1<0> [2]br-81374c9c6e9c:172.19.0.1<0> [3]br-aaa630fe606a:172.20.0.1<0> [4]br-bc0f5ef31d4f:192.168.128.1<0>
alex-System-Product-Name:20670:20722 [0] NCCL INFO PROFILER/Plugin: Could not find: libnccl-profiler.so. 
alex-System-Product-Name:20670:20722 [0] NCCL INFO Using network Socket
alex-System-Product-Name:20670:20722 [0] NCCL INFO ncclCommInitRankConfig comm 0x6076c4cdeeb0 rank 0 nranks 4 cudaDev 0 nvmlDev 0 busId 1000 commId 0x1670fbdd2785ef2b - Init START
2025-07-10 20:50:22 [INFO    ] 🔸 SESSION        : ================================================================================
alex-System-Product-Name:20671:20671 [1] NCCL INFO cudaDriverVersion 12020
2025-07-10 20:50:22 [INFO    ] 🔸 SESSION        : 🎯 Revolutionary NQ Futures Trading System
2025-07-10 20:50:22 [INFO    ] 🔸 SESSION        : 📊 Session started at 2025-07-10 20:50:22.721922
2025-07-10 20:50:22 [INFO    ] 🔸 SESSION        : 💻 Process rank: 3
2025-07-10 20:50:22 [INFO    ] 🔸 SESSION        : 📁 Log file: logs/trading_system_rank_3.log
2025-07-10 20:50:22 [INFO    ] 🔸 SESSION        : ================================================================================
2025-07-10 20:50:22 [INFO    ] 🔸 root           : Rank 3/4 starting on cuda:3 (has_cudf=True)
2025-07-10 20:50:22 [INFO    ] 🔸 root           : Data loading parameters: max_rows=None, data_percentage=1.0
2025-07-10 20:50:22 [INFO    ] 🔸 root           : No row limit specified, using 1M row chunks for memory efficiency
alex-System-Product-Name:20671:20671 [1] NCCL INFO Bootstrap: Using wlp0s20f3:192.168.0.129<0>
alex-System-Product-Name:20671:20671 [1] NCCL INFO NCCL version 2.26.2+cuda12.2
alex-System-Product-Name:20671:20671 [1] NCCL INFO Comm config Blocking set to 1
alex-System-Product-Name:20673:20673 [3] NCCL INFO cudaDriverVersion 12020
alex-System-Product-Name:20673:20673 [3] NCCL INFO Bootstrap: Using wlp0s20f3:192.168.0.129<0>
alex-System-Product-Name:20673:20673 [3] NCCL INFO NCCL version 2.26.2+cuda12.2
alex-System-Product-Name:20673:20673 [3] NCCL INFO Comm config Blocking set to 1
2025-07-10 20:50:22 [INFO    ] 🔸 SESSION        : ================================================================================
2025-07-10 20:50:22 [INFO    ] 🔸 SESSION        : 🎯 Revolutionary NQ Futures Trading System
2025-07-10 20:50:22 [INFO    ] 🔸 SESSION        : 📊 Session started at 2025-07-10 20:50:22.732818
2025-07-10 20:50:22 [INFO    ] 🔸 SESSION        : 💻 Process rank: 2
2025-07-10 20:50:22 [INFO    ] 🔸 SESSION        : 📁 Log file: logs/trading_system_rank_2.log
2025-07-10 20:50:22 [INFO    ] 🔸 SESSION        : ================================================================================
2025-07-10 20:50:22 [INFO    ] 🔸 root           : Rank 2/4 starting on cuda:2 (has_cudf=True)
2025-07-10 20:50:22 [INFO    ] 🔸 root           : Data loading parameters: max_rows=None, data_percentage=1.0
2025-07-10 20:50:22 [INFO    ] 🔸 root           : No row limit specified, using 1M row chunks for memory efficiency
alex-System-Product-Name:20672:20672 [2] NCCL INFO cudaDriverVersion 12020
alex-System-Product-Name:20672:20672 [2] NCCL INFO Bootstrap: Using wlp0s20f3:192.168.0.129<0>
alex-System-Product-Name:20672:20672 [2] NCCL INFO NCCL version 2.26.2+cuda12.2
alex-System-Product-Name:20672:20672 [2] NCCL INFO Comm config Blocking set to 1
alex-System-Product-Name:20671:20730 [1] NCCL INFO NET/Plugin: Could not find: libnccl-net.so. Using internal net plugin.
alex-System-Product-Name:20671:20730 [1] NCCL INFO NET/IB : No device found.
alex-System-Product-Name:20671:20730 [1] NCCL INFO NET/IB : Using [RO]; OOB wlp0s20f3:192.168.0.129<0>
alex-System-Product-Name:20671:20730 [1] NCCL INFO NET/Socket : Using [0]wlp0s20f3:192.168.0.129<0> [1]br-447583e7b32a:172.18.0.1<0> [2]br-81374c9c6e9c:172.19.0.1<0> [3]br-aaa630fe606a:172.20.0.1<0> [4]br-bc0f5ef31d4f:192.168.128.1<0>
alex-System-Product-Name:20671:20730 [1] NCCL INFO PROFILER/Plugin: Could not find: libnccl-profiler.so. 
alex-System-Product-Name:20671:20730 [1] NCCL INFO Using network Socket
alex-System-Product-Name:20671:20730 [1] NCCL INFO ncclCommInitRankConfig comm 0x5b75eb8c3530 rank 1 nranks 4 cudaDev 1 nvmlDev 1 busId 5000 commId 0x1670fbdd2785ef2b - Init START
alex-System-Product-Name:20673:20731 [3] NCCL INFO NET/Plugin: Could not find: libnccl-net.so. Using internal net plugin.
alex-System-Product-Name:20673:20731 [3] NCCL INFO NET/IB : No device found.
alex-System-Product-Name:20673:20731 [3] NCCL INFO NET/IB : Using [RO]; OOB wlp0s20f3:192.168.0.129<0>
alex-System-Product-Name:20673:20731 [3] NCCL INFO NET/Socket : Using [0]wlp0s20f3:192.168.0.129<0> [1]br-447583e7b32a:172.18.0.1<0> [2]br-81374c9c6e9c:172.19.0.1<0> [3]br-aaa630fe606a:172.20.0.1<0> [4]br-bc0f5ef31d4f:192.168.128.1<0>
alex-System-Product-Name:20673:20731 [3] NCCL INFO PROFILER/Plugin: Could not find: libnccl-profiler.so. 
alex-System-Product-Name:20673:20731 [3] NCCL INFO Using network Socket
alex-System-Product-Name:20673:20731 [3] NCCL INFO ncclCommInitRankConfig comm 0x638d42266930 rank 3 nranks 4 cudaDev 3 nvmlDev 3 busId 9000 commId 0x1670fbdd2785ef2b - Init START
alex-System-Product-Name:20670:20722 [0] NCCL INFO RAS client listening socket at 127.0.0.1<28028>
alex-System-Product-Name:20672:20734 [2] NCCL INFO NET/Plugin: Could not find: libnccl-net.so. Using internal net plugin.
alex-System-Product-Name:20672:20734 [2] NCCL INFO NET/IB : No device found.
alex-System-Product-Name:20672:20734 [2] NCCL INFO NET/IB : Using [RO]; OOB wlp0s20f3:192.168.0.129<0>
alex-System-Product-Name:20672:20734 [2] NCCL INFO NET/Socket : Using [0]wlp0s20f3:192.168.0.129<0> [1]br-447583e7b32a:172.18.0.1<0> [2]br-81374c9c6e9c:172.19.0.1<0> [3]br-aaa630fe606a:172.20.0.1<0> [4]br-bc0f5ef31d4f:192.168.128.1<0>
alex-System-Product-Name:20672:20734 [2] NCCL INFO PROFILER/Plugin: Could not find: libnccl-profiler.so. 
alex-System-Product-Name:20672:20734 [2] NCCL INFO Using network Socket
alex-System-Product-Name:20672:20734 [2] NCCL INFO ncclCommInitRankConfig comm 0x5fbd164046b0 rank 2 nranks 4 cudaDev 2 nvmlDev 2 busId 8000 commId 0x1670fbdd2785ef2b - Init START
alex-System-Product-Name:20673:20731 [3] NCCL INFO RAS client listening socket at 127.0.0.1<28028>
alex-System-Product-Name:20672:20734 [2] NCCL INFO RAS client listening socket at 127.0.0.1<28028>
alex-System-Product-Name:20671:20730 [1] NCCL INFO RAS client listening socket at 127.0.0.1<28028>
alex-System-Product-Name:20672:20734 [2] NCCL INFO Bootstrap timings total 0.000997 (create 0.000009, send 0.000052, recv 0.000067, ring 0.000037, delay 0.000000)
alex-System-Product-Name:20671:20730 [1] NCCL INFO Bootstrap timings total 0.025608 (create 0.000013, send 0.000063, recv 0.025392, ring 0.000024, delay 0.000000)
alex-System-Product-Name:20673:20731 [3] NCCL INFO Bootstrap timings total 0.024065 (create 0.000009, send 0.000050, recv 0.000036, ring 0.000751, delay 0.000000)
alex-System-Product-Name:20670:20722 [0] NCCL INFO Bootstrap timings total 0.099276 (create 0.000015, send 0.000064, recv 0.073744, ring 0.009399, delay 0.000000)
alex-System-Product-Name:20671:20730 [1] NCCL INFO NVLS multicast support is not available on dev 1
alex-System-Product-Name:20670:20722 [0] NCCL INFO NVLS multicast support is not available on dev 0
alex-System-Product-Name:20672:20734 [2] NCCL INFO NVLS multicast support is not available on dev 2
alex-System-Product-Name:20673:20731 [3] NCCL INFO NVLS multicast support is not available on dev 3
alex-System-Product-Name:20673:20731 [3] NCCL INFO comm 0x638d42266930 rank 3 nRanks 4 nNodes 1 localRanks 4 localRank 3 MNNVL 0
alex-System-Product-Name:20671:20730 [1] NCCL INFO comm 0x5b75eb8c3530 rank 1 nRanks 4 nNodes 1 localRanks 4 localRank 1 MNNVL 0
alex-System-Product-Name:20672:20734 [2] NCCL INFO comm 0x5fbd164046b0 rank 2 nRanks 4 nNodes 1 localRanks 4 localRank 2 MNNVL 0
alex-System-Product-Name:20670:20722 [0] NCCL INFO comm 0x6076c4cdeeb0 rank 0 nRanks 4 nNodes 1 localRanks 4 localRank 0 MNNVL 0
alex-System-Product-Name:20673:20731 [3] NCCL INFO Trees [0] -1/-1/-1->3->2 [1] 0/-1/-1->3->1 [2] -1/-1/-1->3->2 [3] 0/-1/-1->3->1
alex-System-Product-Name:20671:20730 [1] NCCL INFO Trees [0] 2/-1/-1->1->0 [1] 3/-1/-1->1->-1 [2] 2/-1/-1->1->0 [3] 3/-1/-1->1->-1
alex-System-Product-Name:20672:20734 [2] NCCL INFO Trees [0] 3/-1/-1->2->1 [1] -1/-1/-1->2->0 [2] 3/-1/-1->2->1 [3] -1/-1/-1->2->0
alex-System-Product-Name:20673:20731 [3] NCCL INFO P2P Chunksize set to 131072
alex-System-Product-Name:20670:20722 [0] NCCL INFO Channel 00/04 : 0 2 3 1
alex-System-Product-Name:20671:20730 [1] NCCL INFO P2P Chunksize set to 131072
alex-System-Product-Name:20672:20734 [2] NCCL INFO P2P Chunksize set to 131072
alex-System-Product-Name:20670:20722 [0] NCCL INFO Channel 01/04 : 0 1 3 2
alex-System-Product-Name:20670:20722 [0] NCCL INFO Channel 02/04 : 0 2 3 1
alex-System-Product-Name:20670:20722 [0] NCCL INFO Channel 03/04 : 0 1 3 2
alex-System-Product-Name:20670:20722 [0] NCCL INFO Trees [0] 1/-1/-1->0->-1 [1] 2/-1/-1->0->3 [2] 1/-1/-1->0->-1 [3] 2/-1/-1->0->3
alex-System-Product-Name:20670:20722 [0] NCCL INFO P2P Chunksize set to 131072
alex-System-Product-Name:20670:20722 [0] NCCL INFO Check P2P Type intraNodeP2pSupport 0 directMode 0
alex-System-Product-Name:20671:20739 [1] NCCL INFO [Proxy Service] Device 1 CPU core 0
alex-System-Product-Name:20672:20743 [2] NCCL INFO [Proxy Service UDS] Device 2 CPU core 21
alex-System-Product-Name:20670:20742 [0] NCCL INFO [Proxy Service] Device 0 CPU core 30
alex-System-Product-Name:20672:20740 [2] NCCL INFO [Proxy Service] Device 2 CPU core 17
alex-System-Product-Name:20673:20741 [3] NCCL INFO [Proxy Service] Device 3 CPU core 0
alex-System-Product-Name:20671:20744 [1] NCCL INFO [Proxy Service UDS] Device 1 CPU core 22
alex-System-Product-Name:20673:20746 [3] NCCL INFO [Proxy Service UDS] Device 3 CPU core 0
alex-System-Product-Name:20670:20745 [0] NCCL INFO [Proxy Service UDS] Device 0 CPU core 25
alex-System-Product-Name:20671:20730 [1] NCCL INFO threadThresholds 8/8/64 | 32/8/64 | 512 | 512
alex-System-Product-Name:20671:20730 [1] NCCL INFO 4 coll channels, 4 collnet channels, 0 nvls channels, 4 p2p channels, 2 p2p channels per peer
alex-System-Product-Name:20672:20734 [2] NCCL INFO threadThresholds 8/8/64 | 32/8/64 | 512 | 512
alex-System-Product-Name:20672:20734 [2] NCCL INFO 4 coll channels, 4 collnet channels, 0 nvls channels, 4 p2p channels, 2 p2p channels per peer
alex-System-Product-Name:20673:20731 [3] NCCL INFO threadThresholds 8/8/64 | 32/8/64 | 512 | 512
alex-System-Product-Name:20673:20731 [3] NCCL INFO 4 coll channels, 4 collnet channels, 0 nvls channels, 4 p2p channels, 2 p2p channels per peer
alex-System-Product-Name:20670:20722 [0] NCCL INFO threadThresholds 8/8/64 | 32/8/64 | 512 | 512
alex-System-Product-Name:20670:20722 [0] NCCL INFO 4 coll channels, 4 collnet channels, 0 nvls channels, 4 p2p channels, 2 p2p channels per peer
alex-System-Product-Name:20670:20722 [0] NCCL INFO CC Off, workFifoBytes 1048576
alex-System-Product-Name:20670:20722 [0] NCCL INFO TUNER/Plugin: Could not find: libnccl-tuner.so. Using internal tuner plugin.
alex-System-Product-Name:20673:20731 [3] NCCL INFO TUNER/Plugin: Could not find: libnccl-tuner.so. Using internal tuner plugin.
alex-System-Product-Name:20671:20730 [1] NCCL INFO TUNER/Plugin: Could not find: libnccl-tuner.so. Using internal tuner plugin.
alex-System-Product-Name:20670:20722 [0] NCCL INFO ncclCommInitRankConfig comm 0x6076c4cdeeb0 rank 0 nranks 4 cudaDev 0 nvmlDev 0 busId 1000 commId 0x1670fbdd2785ef2b - Init COMPLETE
alex-System-Product-Name:20672:20734 [2] NCCL INFO TUNER/Plugin: Could not find: libnccl-tuner.so. Using internal tuner plugin.
alex-System-Product-Name:20671:20730 [1] NCCL INFO ncclCommInitRankConfig comm 0x5b75eb8c3530 rank 1 nranks 4 cudaDev 1 nvmlDev 1 busId 5000 commId 0x1670fbdd2785ef2b - Init COMPLETE
alex-System-Product-Name:20673:20731 [3] NCCL INFO ncclCommInitRankConfig comm 0x638d42266930 rank 3 nranks 4 cudaDev 3 nvmlDev 3 busId 9000 commId 0x1670fbdd2785ef2b - Init COMPLETE
alex-System-Product-Name:20672:20734 [2] NCCL INFO ncclCommInitRankConfig comm 0x5fbd164046b0 rank 2 nranks 4 cudaDev 2 nvmlDev 2 busId 8000 commId 0x1670fbdd2785ef2b - Init COMPLETE
alex-System-Product-Name:20670:20722 [0] NCCL INFO Init timings - ncclCommInitRankConfig: rank 0 nranks 4 total 0.24 (kernels 0.12, alloc 0.00, bootstrap 0.10, allgathers 0.00, topo 0.02, graphs 0.00, connections 0.00, rest 0.00)
alex-System-Product-Name:20671:20730 [1] NCCL INFO Init timings - ncclCommInitRankConfig: rank 1 nranks 4 total 0.12 (kernels 0.07, alloc 0.00, bootstrap 0.03, allgathers 0.00, topo 0.02, graphs 0.00, connections 0.00, rest 0.00)
alex-System-Product-Name:20673:20731 [3] NCCL INFO Init timings - ncclCommInitRankConfig: rank 3 nranks 4 total 0.11 (kernels 0.07, alloc 0.00, bootstrap 0.02, allgathers 0.00, topo 0.02, graphs 0.00, connections 0.00, rest 0.00)
alex-System-Product-Name:20672:20734 [2] NCCL INFO Init timings - ncclCommInitRankConfig: rank 2 nranks 4 total 0.10 (kernels 0.08, alloc 0.00, bootstrap 0.00, allgathers 0.00, topo 0.02, graphs 0.00, connections 0.00, rest 0.00)
alex-System-Product-Name:20670:20747 [0] NCCL INFO Channel 01 : 0[0] -> 1[1] via SHM/direct/direct
alex-System-Product-Name:20670:20747 [0] NCCL INFO Channel 03 : 0[0] -> 1[1] via SHM/direct/direct
alex-System-Product-Name:20672:20750 [2] NCCL INFO Channel 00 : 2[2] -> 3[3] via SHM/direct/direct
alex-System-Product-Name:20672:20750 [2] NCCL INFO Channel 02 : 2[2] -> 3[3] via SHM/direct/direct
alex-System-Product-Name:20672:20750 [2] NCCL INFO Channel 01/0 : 2[2] -> 0[0] via P2P/CUMEM
alex-System-Product-Name:20673:20748 [3] NCCL INFO Channel 00/0 : 3[3] -> 1[1] via P2P/CUMEM
alex-System-Product-Name:20672:20750 [2] NCCL INFO Channel 03/0 : 2[2] -> 0[0] via P2P/CUMEM
alex-System-Product-Name:20673:20748 [3] NCCL INFO Channel 02/0 : 3[3] -> 1[1] via P2P/CUMEM
alex-System-Product-Name:20670:20747 [0] NCCL INFO Channel 00/0 : 0[0] -> 2[2] via P2P/CUMEM
alex-System-Product-Name:20671:20749 [1] NCCL INFO Channel 01/0 : 1[1] -> 3[3] via P2P/CUMEM
alex-System-Product-Name:20670:20747 [0] NCCL INFO Channel 02/0 : 0[0] -> 2[2] via P2P/CUMEM
alex-System-Product-Name:20671:20749 [1] NCCL INFO Channel 03/0 : 1[1] -> 3[3] via P2P/CUMEM
alex-System-Product-Name:20671:20749 [1] NCCL INFO Channel 00 : 1[1] -> 0[0] via SHM/direct/direct
alex-System-Product-Name:20673:20748 [3] NCCL INFO Channel 01 : 3[3] -> 2[2] via SHM/direct/direct
alex-System-Product-Name:20671:20749 [1] NCCL INFO Channel 02 : 1[1] -> 0[0] via SHM/direct/direct
alex-System-Product-Name:20673:20748 [3] NCCL INFO Channel 03 : 3[3] -> 2[2] via SHM/direct/direct
alex-System-Product-Name:20670:20747 [0] NCCL INFO Connected all rings, use ring PXN 0 GDR 1
alex-System-Product-Name:20672:20750 [2] NCCL INFO Connected all rings, use ring PXN 0 GDR 1
alex-System-Product-Name:20671:20749 [1] NCCL INFO Connected all rings, use ring PXN 0 GDR 1
alex-System-Product-Name:20673:20748 [3] NCCL INFO Connected all rings, use ring PXN 0 GDR 1
2025-07-10 20:50:23 [INFO    ] 🔸 root           : Total data: 4311800 train, 1077950 test rows
2025-07-10 20:50:23 [INFO    ] 🔸 root           : Rank 0: Sampled 100000 train rows from 4311800 total
2025-07-10 20:50:23 [INFO    ] 🔸 root           : Rank 0: Sampled 20000 test rows from 1077950 total
2025-07-10 20:50:23 [INFO    ] 🔸 numba.cuda.cudadrv.driver: init
2025-07-10 20:50:23 [INFO    ] 🔸 root           : Total data: 4311800 train, 1077950 test rows
2025-07-10 20:50:23 [INFO    ] 🔸 root           : Total data: 4311800 train, 1077950 test rows
2025-07-10 20:50:23 [INFO    ] 🔸 root           : Rank 3: Sampled 100000 train rows from 4311800 total
2025-07-10 20:50:23 [INFO    ] 🔸 root           : Rank 1: Sampled 100000 train rows from 4311800 total
2025-07-10 20:50:23 [INFO    ] 🔸 root           : Rank 3: Sampled 20000 test rows from 1077950 total
2025-07-10 20:50:23 [INFO    ] 🔸 numba.cuda.cudadrv.driver: init
2025-07-10 20:50:23 [INFO    ] 🔸 root           : Rank 1: Sampled 20000 test rows from 1077950 total
2025-07-10 20:50:23 [INFO    ] 🔸 numba.cuda.cudadrv.driver: init
2025-07-10 20:50:23 [INFO    ] 🔸 root           : Total data: 4311800 train, 1077950 test rows
2025-07-10 20:50:23 [INFO    ] 🔸 root           : Rank 2: Sampled 100000 train rows from 4311800 total
2025-07-10 20:50:23 [INFO    ] 🔸 root           : Rank 2: Sampled 20000 test rows from 1077950 total
2025-07-10 20:50:23 [INFO    ] 🔸 numba.cuda.cudadrv.driver: init
2025-07-10 20:50:24 [INFO    ] 🔸 root           : Rank 1 heartbeat - waiting for adaptive training
2025-07-10 20:50:25 [INFO    ] 🔸 root           : Rank 3 heartbeat - waiting for adaptive training
2025-07-10 20:50:25 [INFO    ] 🔸 VISUALIZATION  : 🎨 Visualization system initialized on port 5000
2025-07-10 20:50:25 [ERROR   ] 🔸 VISUALIZATION  : ❌ Failed to start web server: [Errno 98] Address already in use
2025-07-10 20:50:25 [INFO    ] 🔸 email_notifications: Email notifications configured for ali.aloraibi@outlook.com
2025-07-10 20:50:25 [INFO    ] 🔸 email_notifications: Notifications will be sent every 6 hours
2025-07-10 20:50:25 [INFO    ] 🔸 email_notifications: No training metrics available for progress update
2025-07-10 20:50:25 [INFO    ] 🔸 email_notifications: Training monitoring started
2025-07-10 20:50:25 [INFO    ] 🔸 root           : 📧 Email notifications enabled
2025-07-10 20:50:25 [INFO    ] 🔸 adaptive_trainer: Removed old TensorBoard run: ./runs/ga_experiment
2025-07-10 20:50:25 [INFO    ] 🔸 adaptive_trainer: Starting adaptive training
2025-07-10 20:50:25 [INFO    ] 🔸 adaptive_trainer: 
=== Adaptive Training Iteration 1/3 ===
2025-07-10 20:50:25 [INFO    ] 🔸 root           : Rank 2 heartbeat - waiting for adaptive training
2025-07-10 20:50:29 [INFO    ] 🔸 adaptive_trainer: Evaluation results: 8778 profits, total=0.0000
2025-07-10 20:50:29 [INFO    ] 🔸 adaptive_trainer: Metrics: CAGR=0.0000, Sharpe=-5.0000, MDD=0.0000
2025-07-10 20:50:29 [INFO    ] 🔸 adaptive_trainer: Current performance: -0.2500 (best: -0.2500)
2025-07-10 20:50:29 [INFO    ] 🔸 adaptive_trainer: Stagnation: 0, Poor performance: 0
2025-07-10 20:50:29 [INFO    ] 🔸 adaptive_trainer: Method: GA, Entropy: 1.9459
2025-07-10 20:50:29 [INFO    ] 🔸 adaptive_trainer: Switching to PPO due to: ga_solution_refinement
2025-07-10 20:50:29 [INFO    ] 🔸 adaptive_trainer: Switching from GA to PPO
2025-07-10 20:50:29 [INFO    ] 🔸 adaptive_trainer: Starting PPO phase: 150 updates
2025-07-10 20:50:29 [INFO    ] 🔸 policy_gradient_methods: Loaded model from models/ppo_models/adaptive_ppo_model.pth
Removed old TensorBoard run: ./runs/ppo_rank_0
2025-07-10 20:50:30 [INFO    ] 🔸 policy_gradient_methods: Loaded model from models/ppo_models/adaptive_ppo_model.pth
2025-07-10 20:50:32 [INFO    ] 🔸 adaptive_trainer: Evaluation results: 5449 profits, total=0.0000
2025-07-10 20:50:32 [INFO    ] 🔸 adaptive_trainer: Metrics: CAGR=0.0000, Sharpe=-5.0000, MDD=0.0000
2025-07-10 20:51:43 [INFO    ] 🔸 adaptive_trainer: Evaluation results: 18064 profits, total=0.0000                                                                                                                        
2025-07-10 20:51:43 [INFO    ] 🔸 adaptive_trainer: Metrics: CAGR=0.0000, Sharpe=-5.0000, MDD=0.0000
2025-07-10 20:51:43 [INFO    ] 🔸 adaptive_trainer: PPO Update 50: Performance=-0.2500, Entropy=1.9459
2025-07-10 20:51:43 [WARNING ] 🔸 adaptive_trainer: PPO early stopping due to lack of improvement (patience: 3)
2025-07-10 20:51:43 [INFO    ] 🔸 policy_gradient_methods: Saved model to models/ppo_models/adaptive_ppo_model.pth at 2025-07-10 20:51:43.221671
2025-07-10 20:51:47 [INFO    ] 🔸 adaptive_trainer: Evaluation results: 8599 profits, total=0.0000
2025-07-10 20:51:47 [INFO    ] 🔸 adaptive_trainer: Metrics: CAGR=0.0000, Sharpe=-5.0000, MDD=0.0000
2025-07-10 20:51:47 [INFO    ] 🔸 adaptive_trainer: PPO phase completed with performance: -0.2500
2025-07-10 20:51:47 [INFO    ] 🔸 adaptive_trainer: 
=== Adaptive Training Iteration 2/3 ===
2025-07-10 20:51:51 [INFO    ] 🔸 adaptive_trainer: Evaluation results: 8118 profits, total=0.0000
2025-07-10 20:51:51 [INFO    ] 🔸 adaptive_trainer: Metrics: CAGR=0.0000, Sharpe=-5.0000, MDD=0.0000
2025-07-10 20:51:51 [INFO    ] 🔸 adaptive_trainer: Current performance: -0.2500 (best: -0.2500)
2025-07-10 20:51:51 [INFO    ] 🔸 adaptive_trainer: Stagnation: 1, Poor performance: 1
2025-07-10 20:51:51 [INFO    ] 🔸 adaptive_trainer: Method: PPO, Entropy: 1.9029
2025-07-10 20:51:51 [INFO    ] 🔸 adaptive_trainer: Switching to GA due to: exploration_phase
2025-07-10 20:51:51 [INFO    ] 🔸 adaptive_trainer: Switching from PPO to GA
2025-07-10 20:51:51 [INFO    ] 🔸 adaptive_trainer: Starting GA phase: 30 generations, population 30
[GA] Loaded GA model from models/ga_models/adaptive_ga_model.pth
[GA] Loaded GA model from models/ga_models/adaptive_ga_model.pth                                                        
[GA] Evaluated 5/15 individuals                                                                                         
[GA] Evaluated 10/15 individuals                                                                                        
[GA] Evaluated 15/15 individuals                                                                                        
[GA] Saved GA model to models/ga_models/adaptive_ga_model.pth                                                           
[GA] Evaluated 5/15 individuals                                                                                         
[GA] Evaluated 10/15 individuals                                                                                        
[GA] Evaluated 15/15 individuals                                                                                        
[GA] Saved GA model to models/ga_models/adaptive_ga_model.pth                                                           
[GA] Evaluated 5/15 individuals                                                                                         
[GA] Evaluated 10/15 individuals                                                                                        
[GA] Evaluated 15/15 individuals                                                                                        
[GA] Saved GA model to models/ga_models/adaptive_ga_model.pth                                                           
[GA] Evaluated 5/15 individuals                                                                                         
[GA] Evaluated 10/15 individuals                                                                                        
[GA] Evaluated 15/15 individuals                                                                                        
[GA] Saved GA model to models/ga_models/adaptive_ga_model.pth                                                           
[GA] Evaluated 5/15 individuals                                                                                         
[GA] Evaluated 10/15 individuals                                                                                        
[GA] Evaluated 15/15 individuals                                                                                        
[GA] Saved GA model to models/ga_models/adaptive_ga_model.pth                                                           
[GA] Evaluated 5/15 individuals                                                                                         
[GA] Evaluated 10/15 individuals                                                                                        
[GA] Evaluated 15/15 individuals                                                                                        
[GA] Evaluated 5/15 individuals                                                                                         
[GA] Evaluated 10/15 individuals                                                                                        
[GA] Evaluated 15/15 individuals                                                                                        
[GA] Evaluated 5/15 individuals                                                                                         
[GA] Evaluated 10/15 individuals                                                                                        
[GA] Evaluated 15/15 individuals                                                                                        
[GA] Saved GA model to models/ga_models/adaptive_ga_model.pth                                                           
[GA] Evaluated 5/15 individuals                                                                                         
[GA] Evaluated 10/15 individuals                                                                                        
[GA] Evaluated 15/15 individuals                                                                                        
[GA] Saved GA model to models/ga_models/adaptive_ga_model.pth                                                           
[GA] Evaluated 5/15 individuals                                                                                         
[GA] Evaluated 10/15 individuals                                                                                        
[GA] Evaluated 15/15 individuals                                                                                        
[GA] Saved GA model to models/ga_models/adaptive_ga_model.pth                                                           
2025-07-10 20:52:29 [INFO    ] 🔸 adaptive_trainer: GA phase completed with fitness: 26.7379                            
2025-07-10 20:52:29 [INFO    ] 🔸 adaptive_trainer: 
=== Adaptive Training Iteration 3/3 ===
2025-07-10 20:52:31 [INFO    ] 🔸 adaptive_trainer: Evaluation results: 3907 profits, total=0.0000
2025-07-10 20:52:31 [INFO    ] 🔸 adaptive_trainer: Metrics: CAGR=0.0000, Sharpe=-5.0000, MDD=0.0000
2025-07-10 20:52:31 [INFO    ] 🔸 adaptive_trainer: Current performance: -0.2500 (best: -0.2500)
2025-07-10 20:52:31 [INFO    ] 🔸 adaptive_trainer: Stagnation: 2, Poor performance: 2
2025-07-10 20:52:31 [INFO    ] 🔸 adaptive_trainer: Method: GA, Entropy: 0.9496
2025-07-10 20:52:31 [INFO    ] 🔸 adaptive_trainer: Switching to PPO due to: ga_solution_refinement
2025-07-10 20:52:31 [INFO    ] 🔸 adaptive_trainer: Switching from GA to PPO
2025-07-10 20:52:31 [INFO    ] 🔸 adaptive_trainer: Starting PPO phase: 150 updates
2025-07-10 20:52:31 [INFO    ] 🔸 policy_gradient_methods: Loaded model from models/ppo_models/adaptive_ppo_model.pth
2025-07-10 20:52:43 [INFO    ] 🔸 adaptive_trainer: Evaluation results: 19673 profits, total=0.0000
2025-07-10 20:52:43 [INFO    ] 🔸 adaptive_trainer: Metrics: CAGR=0.0000, Sharpe=-5.0000, MDD=0.0000
2025-07-10 20:53:51 [INFO    ] 🔸 adaptive_trainer: Evaluation results: 14305 profits, total=0.0000                                                                                                                        
2025-07-10 20:53:51 [INFO    ] 🔸 adaptive_trainer: Metrics: CAGR=0.0000, Sharpe=-5.0000, MDD=0.0000
2025-07-10 20:53:51 [INFO    ] 🔸 adaptive_trainer: PPO Update 50: Performance=-0.2500, Entropy=1.2123
2025-07-10 20:53:51 [WARNING ] 🔸 adaptive_trainer: PPO early stopping due to lack of improvement (patience: 3)
2025-07-10 20:53:51 [INFO    ] 🔸 policy_gradient_methods: Saved model to models/ppo_models/adaptive_ppo_model.pth at 2025-07-10 20:53:51.993808
2025-07-10 20:54:03 [INFO    ] 🔸 adaptive_trainer: Evaluation results: 18336 profits, total=0.0000
2025-07-10 20:54:03 [INFO    ] 🔸 adaptive_trainer: Metrics: CAGR=0.0000, Sharpe=-5.0000, MDD=0.0000
2025-07-10 20:54:03 [INFO    ] 🔸 adaptive_trainer: PPO phase completed with performance: -0.2500
2025-07-10 20:54:03 [INFO    ] 🔸 adaptive_trainer: Adaptive training completed
[GA] Loaded GA model from models/ga_models/adaptive_ga_model.pth
2025-07-10 20:54:11 [INFO    ] 🔸 adaptive_trainer: Evaluation results: 14365 profits, total=0.0000
2025-07-10 20:54:11 [INFO    ] 🔸 adaptive_trainer: Metrics: CAGR=0.0000, Sharpe=-5.0000, MDD=0.0000
2025-07-10 20:54:11 [INFO    ] 🔸 policy_gradient_methods: Loaded model from models/ppo_models/adaptive_ppo_model.pth
2025-07-10 20:54:20 [INFO    ] 🔸 adaptive_trainer: Evaluation results: 15949 profits, total=0.0000
2025-07-10 20:54:20 [INFO    ] 🔸 adaptive_trainer: Metrics: CAGR=0.0000, Sharpe=-5.0000, MDD=0.0000
2025-07-10 20:54:20 [INFO    ] 🔸 adaptive_trainer: Best agent: GA (performance: -0.2500)
2025-07-10 20:54:20 [INFO    ] 🔸 root           : === Adaptive Training Summary ===
2025-07-10 20:54:20 [INFO    ] 🔸 root           : Iteration 1: GA -> Performance: -0.2500, Switch: ga_to_ppo
2025-07-10 20:54:20 [INFO    ] 🔸 root           : Iteration 2: PPO -> Performance: -0.2500, Switch: ppo_to_ga
2025-07-10 20:54:20 [INFO    ] 🔸 root           : Iteration 3: GA -> Performance: -0.2500, Switch: ga_to_ppo
[GA] Saved GA model to models/best_adaptive_model.pth
2025-07-10 20:54:20 [INFO    ] 🔸 root           : Model saved to models/best_adaptive_model.pth with backup
2025-07-10 20:54:32 [INFO    ] 🔸 root           : Final Best Agent → CAGR: 0.0000, Sharpe: -5.0000, MDD: 0.0000
2025-07-10 20:54:32 [INFO    ] 🔸 root           : Training completion flag created
2025-07-10 20:54:35 [INFO    ] 🔸 root           : Rank 1 detected training completion
2025-07-10 20:54:35 [INFO    ] 🔸 root           : Rank 3 detected training completion
2025-07-10 20:54:35 [INFO    ] 🔸 root           : Rank 2 detected training completion
alex-System-Product-Name:20673:21182 [3] NCCL INFO comm 0x638d42266930 rank 3 nranks 4 cudaDev 3 busId 9000 - Destroy COMPLETE
alex-System-Product-Name:20671:21181 [1] NCCL INFO comm 0x5b75eb8c3530 rank 1 nranks 4 cudaDev 1 busId 5000 - Destroy COMPLETE
alex-System-Product-Name:20672:21184 [2] NCCL INFO comm 0x5fbd164046b0 rank 2 nranks 4 cudaDev 2 busId 8000 - Destroy COMPLETE
alex-System-Product-Name:20670:21183 [0] NCCL INFO comm 0x6076c4cdeeb0 rank 0 nranks 4 cudaDev 0 busId 1000 - Destroy COMPLETE
(GeneticTrading) alex@alex-System-Product-Name:/mnt/windows/GeneticTrading$ 
